Archive member included because of file (symbol)

c:/program files/gnu tools arm embedded/4.9 2015q3/bin/../lib/gcc/arm-none-eabi/4.9.3/armv7-m\libgcc.a(_aeabi_uldivmod.o)
                              ..\obj\bignum.o (__aeabi_uldivmod)
c:/program files/gnu tools arm embedded/4.9 2015q3/bin/../lib/gcc/arm-none-eabi/4.9.3/armv7-m\libgcc.a(bpabi.o)
                              c:/program files/gnu tools arm embedded/4.9 2015q3/bin/../lib/gcc/arm-none-eabi/4.9.3/armv7-m\libgcc.a(_aeabi_uldivmod.o) (__gnu_uldivmod_helper)
c:/program files/gnu tools arm embedded/4.9 2015q3/bin/../lib/gcc/arm-none-eabi/4.9.3/armv7-m\libgcc.a(_dvmd_tls.o)
                              c:/program files/gnu tools arm embedded/4.9 2015q3/bin/../lib/gcc/arm-none-eabi/4.9.3/armv7-m\libgcc.a(_aeabi_uldivmod.o) (__aeabi_ldiv0)
c:/program files/gnu tools arm embedded/4.9 2015q3/bin/../lib/gcc/arm-none-eabi/4.9.3/armv7-m\libgcc.a(_divdi3.o)
                              c:/program files/gnu tools arm embedded/4.9 2015q3/bin/../lib/gcc/arm-none-eabi/4.9.3/armv7-m\libgcc.a(bpabi.o) (__divdi3)
c:/program files/gnu tools arm embedded/4.9 2015q3/bin/../lib/gcc/arm-none-eabi/4.9.3/armv7-m\libgcc.a(_udivdi3.o)
                              c:/program files/gnu tools arm embedded/4.9 2015q3/bin/../lib/gcc/arm-none-eabi/4.9.3/armv7-m\libgcc.a(bpabi.o) (__udivdi3)
c:/program files/gnu tools arm embedded/4.9 2015q3/bin/../lib/gcc/arm-none-eabi/4.9.3/../../../../arm-none-eabi/lib/armv7-m\libg.a(lib_a-assert.o)
                              ..\obj\OAuthList.o (__assert_func)
c:/program files/gnu tools arm embedded/4.9 2015q3/bin/../lib/gcc/arm-none-eabi/4.9.3/../../../../arm-none-eabi/lib/armv7-m\libg.a(lib_a-atoi.o)
                              ..\obj\ftpc.o (atoi)
c:/program files/gnu tools arm embedded/4.9 2015q3/bin/../lib/gcc/arm-none-eabi/4.9.3/../../../../arm-none-eabi/lib/armv7-m\libg.a(lib_a-calloc.o)
                              ..\obj\ssl_tls.o (calloc)
c:/program files/gnu tools arm embedded/4.9 2015q3/bin/../lib/gcc/arm-none-eabi/4.9.3/../../../../arm-none-eabi/lib/armv7-m\libg.a(lib_a-callocr.o)
                              c:/program files/gnu tools arm embedded/4.9 2015q3/bin/../lib/gcc/arm-none-eabi/4.9.3/../../../../arm-none-eabi/lib/armv7-m\libg.a(lib_a-calloc.o) (_calloc_r)
c:/program files/gnu tools arm embedded/4.9 2015q3/bin/../lib/gcc/arm-none-eabi/4.9.3/../../../../arm-none-eabi/lib/armv7-m\libg.a(lib_a-ctype_.o)
                              ..\obj\ftpd.o (__ctype_ptr__)
c:/program files/gnu tools arm embedded/4.9 2015q3/bin/../lib/gcc/arm-none-eabi/4.9.3/../../../../arm-none-eabi/lib/armv7-m\libg.a(lib_a-fiprintf.o)
                              c:/program files/gnu tools arm embedded/4.9 2015q3/bin/../lib/gcc/arm-none-eabi/4.9.3/../../../../arm-none-eabi/lib/armv7-m\libg.a(lib_a-assert.o) (fiprintf)
c:/program files/gnu tools arm embedded/4.9 2015q3/bin/../lib/gcc/arm-none-eabi/4.9.3/../../../../arm-none-eabi/lib/armv7-m\libg.a(lib_a-impure.o)
                              ..\obj\printf.o (_impure_ptr)
c:/program files/gnu tools arm embedded/4.9 2015q3/bin/../lib/gcc/arm-none-eabi/4.9.3/../../../../arm-none-eabi/lib/armv7-m\libg.a(lib_a-malloc.o)
                              ..\obj\OAuthList.o (malloc)
c:/program files/gnu tools arm embedded/4.9 2015q3/bin/../lib/gcc/arm-none-eabi/4.9.3/../../../../arm-none-eabi/lib/armv7-m\libg.a(lib_a-mallocr.o)
                              c:/program files/gnu tools arm embedded/4.9 2015q3/bin/../lib/gcc/arm-none-eabi/4.9.3/../../../../arm-none-eabi/lib/armv7-m\libg.a(lib_a-callocr.o) (_malloc_r)
c:/program files/gnu tools arm embedded/4.9 2015q3/bin/../lib/gcc/arm-none-eabi/4.9.3/../../../../arm-none-eabi/lib/armv7-m\libg.a(lib_a-memcmp.o)
                              ..\obj\x509_crt.o (memcmp)
c:/program files/gnu tools arm embedded/4.9 2015q3/bin/../lib/gcc/arm-none-eabi/4.9.3/../../../../arm-none-eabi/lib/armv7-m\libg.a(lib_a-memcpy.o)
                              ..\obj\tftp.o (memcpy)
c:/program files/gnu tools arm embedded/4.9 2015q3/bin/../lib/gcc/arm-none-eabi/4.9.3/../../../../arm-none-eabi/lib/armv7-m\libg.a(lib_a-memmove.o)
                              ..\obj\ssl_tls.o (memmove)
c:/program files/gnu tools arm embedded/4.9 2015q3/bin/../lib/gcc/arm-none-eabi/4.9.3/../../../../arm-none-eabi/lib/armv7-m\libg.a(lib_a-memset.o)
                              ..\obj\ssl_tls.o (memset)
c:/program files/gnu tools arm embedded/4.9 2015q3/bin/../lib/gcc/arm-none-eabi/4.9.3/../../../../arm-none-eabi/lib/armv7-m\libg.a(lib_a-mlock.o)
                              c:/program files/gnu tools arm embedded/4.9 2015q3/bin/../lib/gcc/arm-none-eabi/4.9.3/../../../../arm-none-eabi/lib/armv7-m\libg.a(lib_a-mallocr.o) (__malloc_lock)
c:/program files/gnu tools arm embedded/4.9 2015q3/bin/../lib/gcc/arm-none-eabi/4.9.3/../../../../arm-none-eabi/lib/armv7-m\libg.a(lib_a-putchar.o)
                              ..\obj\snmp.o (putchar)
[...]
Memory Configuration

Name             Origin             Length             Attributes
rom              0x08000000         0x00040000         xr
ram              0x20000000         0x0000c000         xrw
*default*        0x00000000         0xffffffff

Linker script and memory map

                0x2000c000                _eram = 0x2000c000

.text           0x08000000    0x137f0
 *(.isr_vector)
 .isr_vector    0x08000000      0x134 ..\obj\startup_stm32f10x_hd.o
                0x08000000                g_pfnVectors
 *(.text*)
 .text.close    0x08000134       0x6c ..\obj\socket.o
                0x08000134                close
 .text.socket   0x080001a0      0x12c ..\obj\socket.o
                0x080001a0                socket
 .text.connect  0x080002cc       0xf0 ..\obj\socket.o
                0x080002cc                connect
 .text.send     0x080003bc      0x134 ..\obj\socket.o
                0x080003bc                send
 .text.recv     0x080004f0       0xe4 ..\obj\socket.o
                0x080004f0                recv
 .text.sysTickInit
                0x080005d4       0x4c ..\obj\IoTEVB.o
                0x080005d4                sysTickInit
 .text.USART1Initialze
                0x08000620       0x88 ..\obj\IoTEVB.o
                0x08000620                USART1Initialze
 .text.led_initialize
                0x080006a8       0x48 ..\obj\IoTEVB.o
                0x080006a8                led_initialize
 .text.led1Ctrl
                0x080006f0       0x1c ..\obj\IoTEVB.o
                0x080006f0                led1Ctrl
 .text.led2Ctrl
                0x0800070c       0x1c ..\obj\IoTEVB.o
                0x0800070c                led2Ctrl
 .text.print_network_information
                0x08000728       0x64 ..\obj\IoTEVB.o
                0x08000728                print_network_information
 .text.SysTick_Handler
                0x0800078c       0x10 ..\obj\IoTEVB.o
                0x0800078c                SysTick_Handler
 .text.getSysTick
                0x0800079c        0xc ..\obj\IoTEVB.o
                0x0800079c                getSysTick
 .text.mbedtls_zeroize
                0x080007a8       0x14 ..\obj\pk.o
 .text.mbedtls_pk_free
                0x080007bc       0x1c ..\obj\pk.o
                0x080007bc                mbedtls_pk_free
 .text.mbedtls_pk_info_from_type
                0x080007d8       0x10 ..\obj\pk.o
                0x080007d8                mbedtls_pk_info_from_type
 .text.mbedtls_pk_setup
                0x080007e8       0x34 ..\obj\pk.o
                0x080007e8                mbedtls_pk_setup
 .text.mbedtls_pk_can_do
                0x0800081c       0x18 ..\obj\pk.o
                0x0800081c                mbedtls_pk_can_do
 .text.mbedtls_pk_verify
                0x08000834       0x68 ..\obj\pk.o
                0x08000834                mbedtls_pk_verify
 .text.mbedtls_pk_verify_ext
                0x0800089c       0x5c ..\obj\pk.o
                0x0800089c                mbedtls_pk_verify_ext
 .text.mbedtls_pk_sign
                0x080008f8       0x70 ..\obj\pk.o
                0x080008f8                mbedtls_pk_sign
 .text.mbedtls_pk_encrypt
                0x08000968       0x3c ..\obj\pk.o
                0x08000968                mbedtls_pk_encrypt
 .text.mbedtls_pk_get_bitlen
                0x080009a4       0x18 ..\obj\pk.o
                0x080009a4                mbedtls_pk_get_bitlen
 .text.pk_get_pk_alg
                0x080009bc       0x80 ..\obj\pkparse.o
 .text.pk_get_rsapubkey
                0x08000a3c       0x7c ..\obj\pkparse.o
 .text.mbedtls_pk_parse_subpubkey
                0x08000ab8       0xb4 ..\obj\pkparse.o
                0x08000ab8                mbedtls_pk_parse_subpubkey
 .text.mbedtls_zeroize
                0x08000b6c       0x14 ..\obj\ssl_tls.o
 .text.ssl_set_timer
                0x08000b80       0x10 ..\obj\ssl_tls.o
 .text.ssl_check_timer
                0x08000b90       0x1c ..\obj\ssl_tls.o
 .text.ssl_prepare_handshake_record
                0x08000bac       0x4c ..\obj\ssl_tls.o
 .text.ssl_calc_finished_tls_sha256
                0x08000bf8       0x6c ..\obj\ssl_tls.o
 .text.ssl_calc_verify_tls_sha256
                0x08000c64       0x2c ..\obj\ssl_tls.o
 .text.tls_prf_generic
                0x08000c90      0x128 ..\obj\ssl_tls.o
 .text.tls_prf_sha256
                0x08000db8       0x28 ..\obj\ssl_tls.o
 .text.tls_prf_sha384
                0x08000de0       0x28 ..\obj\ssl_tls.o
 .text.ssl_calc_finished_tls_sha384
                0x08000e08       0x6c ..\obj\ssl_tls.o
 .text.ssl_calc_verify_tls_sha384
                0x08000e74       0x2c ..\obj\ssl_tls.o
 .text.ssl_encrypt_buf
                0x08000ea0      0x16c ..\obj\ssl_tls.o
 .text.ssl_decrypt_buf
                0x0800100c      0x294 ..\obj\ssl_tls.o
 .text.ssl_prepare_record_content
                0x080012a0       0x28 ..\obj\ssl_tls.o
 .text.ssl_update_checksum_sha256
                0x080012c8        0xc ..\obj\ssl_tls.o
 .text.ssl_update_checksum_sha384
                0x080012d4        0xc ..\obj\ssl_tls.o
 .text.ssl_update_checksum_start
                0x080012e0       0x20 ..\obj\ssl_tls.o
 .text.ssl_handshake_params_init
                0x08001300       0x44 ..\obj\ssl_tls.o
 .text.ssl_transform_init
                0x08001344       0x30 ..\obj\ssl_tls.o
 .text.mbedtls_ssl_derive_keys
                0x08001374      0x308 ..\obj\ssl_tls.o
                0x08001374                mbedtls_ssl_derive_keys
 .text.mbedtls_ssl_fetch_input
                0x0800167c       0x84 ..\obj\ssl_tls.o
                0x0800167c                mbedtls_ssl_fetch_input
 .text.mbedtls_ssl_flush_output
                0x08001700       0x70 ..\obj\ssl_tls.o
                0x08001700                mbedtls_ssl_flush_output
 .text.mbedtls_ssl_optimize_checksum
                0x08001770       0x28 ..\obj\ssl_tls.o
                0x08001770                mbedtls_ssl_optimize_checksum
 .text.mbedtls_ssl_session_init
                0x08001798        0xc ..\obj\ssl_tls.o
                0x08001798                mbedtls_ssl_session_init
 .text.mbedtls_ssl_init
                0x080017a4        0xc ..\obj\ssl_tls.o
                0x080017a4                mbedtls_ssl_init
 .text.mbedtls_ssl_conf_endpoint
                0x080017b0       0x10 ..\obj\ssl_tls.o
                0x080017b0                mbedtls_ssl_conf_endpoint
 .text.mbedtls_ssl_conf_transport
                0x080017c0       0x10 ..\obj\ssl_tls.o
                0x080017c0                mbedtls_ssl_conf_transport
 .text.mbedtls_ssl_conf_authmode
                0x080017d0       0x10 ..\obj\ssl_tls.o
                0x080017d0                mbedtls_ssl_conf_authmode
 .text.mbedtls_ssl_conf_rng
                0x080017e0        0x8 ..\obj\ssl_tls.o
                0x080017e0                mbedtls_ssl_conf_rng
 .text.mbedtls_ssl_set_bio
                0x080017e8        0xc ..\obj\ssl_tls.o
                0x080017e8                mbedtls_ssl_set_bio
 .text.mbedtls_ssl_conf_read_timeout
                0x080017f4        0x4 ..\obj\ssl_tls.o
                0x080017f4                mbedtls_ssl_conf_read_timeout
 .text.mbedtls_ssl_set_timer_cb
                0x080017f8       0x10 ..\obj\ssl_tls.o
                0x080017f8                mbedtls_ssl_set_timer_cb
 .text.mbedtls_ssl_conf_ca_chain
                0x08001808        0x8 ..\obj\ssl_tls.o
                0x08001808                mbedtls_ssl_conf_ca_chain
 .text.mbedtls_ssl_get_verify_result
                0x08001810       0x18 ..\obj\ssl_tls.o
                0x08001810                mbedtls_ssl_get_verify_result
 .text.mbedtls_ssl_get_ciphersuite
                0x08001828       0x18 ..\obj\ssl_tls.o
                0x08001828                mbedtls_ssl_get_ciphersuite
 .text.mbedtls_ssl_handshake_step
                0x08001840       0x2c ..\obj\ssl_tls.o
                0x08001840                mbedtls_ssl_handshake_step
 .text.mbedtls_ssl_handshake
                0x0800186c       0x30 ..\obj\ssl_tls.o
                0x0800186c                mbedtls_ssl_handshake
 .text.mbedtls_ssl_transform_free
                0x0800189c       0x30 ..\obj\ssl_tls.o
                0x0800189c                mbedtls_ssl_transform_free
 .text.mbedtls_ssl_handshake_free
                0x080018cc       0x24 ..\obj\ssl_tls.o
                0x080018cc                mbedtls_ssl_handshake_free
 .text.ssl_handshake_wrapup_free_hs_transform
                0x080018f0       0x2c ..\obj\ssl_tls.o
 .text.mbedtls_ssl_session_free
                0x0800191c       0x20 ..\obj\ssl_tls.o
                0x0800191c                mbedtls_ssl_session_free
 .text.mbedtls_ssl_handshake_wrapup
                0x0800193c       0x40 ..\obj\ssl_tls.o
                0x0800193c                mbedtls_ssl_handshake_wrapup
 .text.ssl_handshake_init
                0x0800197c       0x8c ..\obj\ssl_tls.o
 .text.mbedtls_ssl_setup
                0x08001a08       0x78 ..\obj\ssl_tls.o
                0x08001a08                mbedtls_ssl_setup
 .text.mbedtls_ssl_config_init
                0x08001a80        0xc ..\obj\ssl_tls.o
                0x08001a80                mbedtls_ssl_config_init
 .text.mbedtls_ssl_config_defaults
                0x08001a8c       0x8c ..\obj\ssl_tls.o
                0x08001a8c                mbedtls_ssl_config_defaults
 .text.mbedtls_ssl_sig_from_pk
                0x08001b18       0x14 ..\obj\ssl_tls.o
                0x08001b18                mbedtls_ssl_sig_from_pk
 .text.mbedtls_ssl_hash_from_md_alg
                0x08001b2c       0x2c ..\obj\ssl_tls.o
                0x08001b2c                mbedtls_ssl_hash_from_md_alg
 .text.mbedtls_ssl_check_cert_usage
                0x08001b58        0x4 ..\obj\ssl_tls.o
                0x08001b58                mbedtls_ssl_check_cert_usage
 .text.mbedtls_ssl_write_version
                0x08001b5c        0x8 ..\obj\ssl_tls.o
                0x08001b5c                mbedtls_ssl_write_version
 .text.mbedtls_ssl_write_record
                0x08001b64       0xc0 ..\obj\ssl_tls.o
                0x08001b64                mbedtls_ssl_write_record
 .text.mbedtls_ssl_send_alert_message
                0x08001c24       0x3c ..\obj\ssl_tls.o
                0x08001c24                mbedtls_ssl_send_alert_message
 .text.mbedtls_ssl_send_fatal_handshake_failure
                0x08001c60       0x10 ..\obj\ssl_tls.o
                0x08001c60                mbedtls_ssl_send_fatal_handshake_failure
 .text.mbedtls_ssl_write_certificate
                0x08001c70       0xdc ..\obj\ssl_tls.o
                0x08001c70                mbedtls_ssl_write_certificate
 .text.mbedtls_ssl_write_change_cipher_spec
                0x08001d4c       0x24 ..\obj\ssl_tls.o
                0x08001d4c                mbedtls_ssl_write_change_cipher_spec
 .text.mbedtls_ssl_write_finished
                0x08001d70       0xb8 ..\obj\ssl_tls.o
                0x08001d70                mbedtls_ssl_write_finished
 .text.ssl_write_real
                0x08001e28       0x38 ..\obj\ssl_tls.o
 .text.mbedtls_ssl_write
                0x08001e60       0x34 ..\obj\ssl_tls.o
                0x08001e60                mbedtls_ssl_write
 .text.mbedtls_ssl_read_version
                0x08001e94        0xc ..\obj\ssl_tls.o
                0x08001e94                mbedtls_ssl_read_version
 .text.ssl_parse_record_header
                0x08001ea0       0xb8 ..\obj\ssl_tls.o
 .text.mbedtls_ssl_read_record
                0x08001f58       0xa0 ..\obj\ssl_tls.o
                0x08001f58                mbedtls_ssl_read_record
 .text.mbedtls_ssl_parse_certificate
                0x08001ff8      0x170 ..\obj\ssl_tls.o
                0x08001ff8                mbedtls_ssl_parse_certificate
 .text.mbedtls_ssl_parse_change_cipher_spec
                0x08002168       0x88 ..\obj\ssl_tls.o
                0x08002168                mbedtls_ssl_parse_change_cipher_spec
 .text.mbedtls_ssl_parse_finished
                0x080021f0       0x9c ..\obj\ssl_tls.o
                0x080021f0                mbedtls_ssl_parse_finished
 .text.mbedtls_ssl_read
                0x0800228c       0xe0 ..\obj\ssl_tls.o
                0x0800228c                mbedtls_ssl_read
 .text.mbedtls_ctr_drbg_init
                0x0800236c       0x10 ..\obj\ctr_drbg.o
                0x0800236c                mbedtls_ctr_drbg_init
 .text.mbedtls_zeroize
                0x0800237c       0x14 ..\obj\md.o
 .text.mbedtls_md_list
                0x08002390        0x8 ..\obj\md.o
                0x08002390                mbedtls_md_list
 .text.mbedtls_md_info_from_type
                0x08002398       0x44 ..\obj\md.o
                0x08002398                mbedtls_md_info_from_type
 .text.mbedtls_md_init
                0x080023dc       0x34 ..\obj\md.o
                0x080023dc                mbedtls_md_init
 .text.mbedtls_md_free
                0x08002410       0x34 ..\obj\md.o
                0x08002410                mbedtls_md_free
 .text.mbedtls_md_setup
                0x08002444       0x48 ..\obj\md.o
                0x08002444                mbedtls_md_setup
 .text.mbedtls_md
                0x0800248c       0x1c ..\obj\md.o
                0x0800248c                mbedtls_md
 .text.mbedtls_md_hmac_starts
                0x080024a8       0xc8 ..\obj\md.o
                0x080024a8                mbedtls_md_hmac_starts
 .text.mbedtls_md_hmac_update
                0x08002570       0x28 ..\obj\md.o
                0x08002570                mbedtls_md_hmac_update
 .text.mbedtls_md_hmac_finish
                0x08002598       0x60 ..\obj\md.o
                0x08002598                mbedtls_md_hmac_finish
 .text.mbedtls_md_hmac_reset
                0x080025f8       0x34 ..\obj\md.o
                0x080025f8                mbedtls_md_hmac_reset
 .text.mbedtls_md_process
                0x0800262c       0x20 ..\obj\md.o
                0x0800262c                mbedtls_md_process
 .text.mbedtls_md_get_size
                0x0800264c        0xc ..\obj\md.o
                0x0800264c                mbedtls_md_get_size
 .text.SetSysClockTo72
                0x08002658       0xc4 ..\obj\system_stm32f10x.o
 .text.SetSysClock
                0x0800271c        0x8 ..\obj\system_stm32f10x.o
 .text.SystemInit
                0x08002724       0x50 ..\obj\system_stm32f10x.o
                0x08002724                SystemInit
 .text.Default_Handler
                0x08002774        0x4 ..\obj\startup_stm32f10x_hd.o
                0x08002774                EXTI2_IRQHandler
                0x08002774                TIM8_TRG_COM_IRQHandler
                0x08002774                TIM8_CC_IRQHandler
                0x08002774                DebugMon_Handler
                0x08002774                TIM1_CC_IRQHandler
                0x08002774                HardFault_Handler
                0x08002774                TIM6_IRQHandler
                0x08002774                PVD_IRQHandler
                0x08002774                SDIO_IRQHandler
                0x08002774                PendSV_Handler
                0x08002774                NMI_Handler
                0x08002774                EXTI3_IRQHandler
                0x08002774                EXTI0_IRQHandler
                0x08002774                I2C2_EV_IRQHandler
                0x08002774                UsageFault_Handler
                0x08002774                ADC1_2_IRQHandler
                0x08002774                SPI1_IRQHandler
                0x08002774                TAMPER_IRQHandler
                0x08002774                TIM8_UP_IRQHandler
                0x08002774                DMA2_Channel2_IRQHandler
                0x08002774                DMA1_Channel4_IRQHandler
                0x08002774                USART3_IRQHandler
                0x08002774                RTC_IRQHandler
                0x08002774                DMA1_Channel7_IRQHandler
                0x08002774                CAN1_RX1_IRQHandler
                0x08002774                UART5_IRQHandler
                0x08002774                ADC3_IRQHandler
                0x08002774                TIM4_IRQHandler
                0x08002774                DMA2_Channel1_IRQHandler
                0x08002774                I2C1_EV_IRQHandler
                0x08002774                DMA1_Channel6_IRQHandler
                0x08002774                UART4_IRQHandler
                0x08002774                TIM3_IRQHandler
                0x08002774                RCC_IRQHandler
                0x08002774                TIM1_TRG_COM_IRQHandler
                0x08002774                DMA1_Channel1_IRQHandler
                0x08002774                EXTI15_10_IRQHandler
                0x08002774                TIM7_IRQHandler
                0x08002774                TIM5_IRQHandler
                0x08002774                EXTI9_5_IRQHandler
                0x08002774                SPI2_IRQHandler
                0x08002774                MemManage_Handler
                0x08002774                SVC_Handler
                0x08002774                DMA1_Channel5_IRQHandler
                0x08002774                EXTI4_IRQHandler
                0x08002774                USB_LP_CAN1_RX0_IRQHandler
                0x08002774                USB_HP_CAN1_TX_IRQHandler
                0x08002774                DMA1_Channel3_IRQHandler
                0x08002774                FSMC_IRQHandler
                0x08002774                TIM1_UP_IRQHandler
                0x08002774                WWDG_IRQHandler
                0x08002774                TIM2_IRQHandler
                0x08002774                TIM1_BRK_IRQHandler
                0x08002774                EXTI1_IRQHandler
                0x08002774                RTCAlarm_IRQHandler
                0x08002774                DMA2_Channel4_5_IRQHandler
                0x08002774                USART2_IRQHandler
                0x08002774                I2C2_ER_IRQHandler
                0x08002774                DMA1_Channel2_IRQHandler
                0x08002774                TIM8_BRK_IRQHandler
                0x08002774                CAN1_SCE_IRQHandler
                0x08002774                FLASH_IRQHandler
                0x08002774                BusFault_Handler
                0x08002774                USART1_IRQHandler
                0x08002774                SPI3_IRQHandler
                0x08002774                I2C1_ER_IRQHandler
                0x08002774                USBWakeUp_IRQHandler
                0x08002774                DMA2_Channel3_IRQHandler
 .text.Default_Reset_Handler
                0x08002778       0x48 ..\obj\startup_stm32f10x_hd.o
                0x08002778                Default_Reset_Handler
                0x08002778                Reset_Handler
 .text.mbedtls_zeroize
                0x080027c0       0x14 ..\obj\cipher.o
 .text.get_no_padding
                0x080027d4       0x18 ..\obj\cipher.o
 .text.mbedtls_cipher_info_from_type
                0x080027ec       0x1c ..\obj\cipher.o
                0x080027ec                mbedtls_cipher_info_from_type
 .text.mbedtls_cipher_init
                0x08002808        0xc ..\obj\cipher.o
                0x08002808                mbedtls_cipher_init
 .text.mbedtls_cipher_free
                0x08002814       0x20 ..\obj\cipher.o
                0x08002814                mbedtls_cipher_free
 .text.mbedtls_cipher_setkey
                0x08002834       0x54 ..\obj\cipher.o
                0x08002834                mbedtls_cipher_setkey
 .text.mbedtls_cipher_set_iv
                0x08002888       0x50 ..\obj\cipher.o
                0x08002888                mbedtls_cipher_set_iv
 .text.mbedtls_cipher_reset
                0x080028d8       0x1c ..\obj\cipher.o
                0x080028d8                mbedtls_cipher_reset
 .text.mbedtls_cipher_update
                0x080028f4      0x1fc ..\obj\cipher.o
                0x080028f4                mbedtls_cipher_update
 .text.mbedtls_cipher_finish
                0x08002af0      0x134 ..\obj\cipher.o
                0x08002af0                mbedtls_cipher_finish
 .text.mbedtls_cipher_set_padding_mode
                0x08002c24       0x34 ..\obj\cipher.o
                0x08002c24                mbedtls_cipher_set_padding_mode
 .text.mbedtls_cipher_setup
                0x08002c58       0x40 ..\obj\cipher.o
                0x08002c58                mbedtls_cipher_setup
 .text.mbedtls_cipher_crypt
                0x08002c98       0x54 ..\obj\cipher.o
                0x08002c98                mbedtls_cipher_crypt
 .text.GPIO_Init
                0x08002cec       0x9c ..\obj\stm32f10x_gpio.o
                0x08002cec                GPIO_Init
 .text.GPIO_SetBits
                0x08002d88        0x4 ..\obj\stm32f10x_gpio.o
                0x08002d88                GPIO_SetBits
 .text.GPIO_ResetBits
                0x08002d8c        0x4 ..\obj\stm32f10x_gpio.o
                0x08002d8c                GPIO_ResetBits
 .text.mbedtls_base64_decode
                0x08002d90      0x13c ..\obj\base64.o
                0x08002d90                mbedtls_base64_decode
 .text.mbedtls_zeroize
                0x08002ecc       0x14 ..\obj\x509_crt.o
 .text.x509_profile_check_md_alg
                0x08002ee0       0x18 ..\obj\x509_crt.o
 .text.x509_profile_check_pk_alg
                0x08002ef8       0x18 ..\obj\x509_crt.o
 .text.x509_memcasecmp
                0x08002f10       0x3c ..\obj\x509_crt.o
 .text.x509_get_uid
                0x08002f4c       0x40 ..\obj\x509_crt.o
 .text.x509_string_cmp
                0x08002f8c       0x60 ..\obj\x509_crt.o
 .text.x509_name_cmp
                0x08002fec       0x78 ..\obj\x509_crt.o
 .text.x509_crt_check_parent
                0x08003064       0x6c ..\obj\x509_crt.o
 .text.x509_get_version
                0x080030d0       0x4c ..\obj\x509_crt.o
 .text.x509_get_dates
                0x0800311c       0x50 ..\obj\x509_crt.o
 .text.x509_get_basic_constraints
                0x0800316c       0x94 ..\obj\x509_crt.o
 .text.x509_get_key_usage
                0x08003200       0x54 ..\obj\x509_crt.o
 .text.x509_get_ns_cert_type
                0x08003254       0x38 ..\obj\x509_crt.o
 .text.x509_get_ext_key_usage
                0x0800328c       0x24 ..\obj\x509_crt.o
 .text.x509_get_subject_alt_name
                0x080032b0       0xc0 ..\obj\x509_crt.o
 .text.x509_get_crt_ext
                0x08003370      0x178 ..\obj\x509_crt.o
 .text.x509_profile_check_key
                0x080034e8       0x2c ..\obj\x509_crt.o
 .text.x509_check_wildcard
                0x08003514       0x68 ..\obj\x509_crt.o
 .text.x509_crt_verify_top
                0x0800357c      0x18c ..\obj\x509_crt.o
 .text.x509_crt_verify_child
                0x08003708      0x1c8 ..\obj\x509_crt.o
 .text.mbedtls_x509_crt_verify_with_profile
                0x080038d0      0x19c ..\obj\x509_crt.o
                0x080038d0                mbedtls_x509_crt_verify_with_profile
 .text.mbedtls_x509_crt_init
                0x08003a6c       0x10 ..\obj\x509_crt.o
                0x08003a6c                mbedtls_x509_crt_init
 .text.mbedtls_x509_crt_free
                0x08003a7c       0xbc ..\obj\x509_crt.o
                0x08003a7c                mbedtls_x509_crt_free
 .text.x509_crt_parse_der_core
                0x08003b38      0x2f0 ..\obj\x509_crt.o
 .text.mbedtls_x509_crt_parse_der
                0x08003e28       0x8c ..\obj\x509_crt.o
                0x08003e28                mbedtls_x509_crt_parse_der
 .text.mbedtls_x509_crt_parse
                0x08003eb4       0xf4 ..\obj\x509_crt.o
                0x08003eb4                mbedtls_x509_crt_parse
 .text.mbedtls_zeroize
                0x08003fa8       0x14 ..\obj\bignum.o
 .text.mpi_sub_hlp
                0x08003fbc       0x4c ..\obj\bignum.o
 .text.mpi_mul_hlp
                0x08004008      0x2ac ..\obj\bignum.o
 .text.mpi_montg_init
                0x080042b4       0x30 ..\obj\bignum.o
 .text.mbedtls_mpi_init
                0x080042e4       0x10 ..\obj\bignum.o
                0x080042e4                mbedtls_mpi_init
 .text.mbedtls_mpi_free
                0x080042f4       0x28 ..\obj\bignum.o
                0x080042f4                mbedtls_mpi_free
 .text.mbedtls_mpi_grow
                0x0800431c       0x54 ..\obj\bignum.o
                0x0800431c                mbedtls_mpi_grow
 .text.mbedtls_mpi_copy
                0x08004370       0x58 ..\obj\bignum.o
                0x08004370                mbedtls_mpi_copy
 .text.mbedtls_mpi_lset
                0x080043c8       0x3c ..\obj\bignum.o
                0x080043c8                mbedtls_mpi_lset
 .text.mbedtls_mpi_lsb
                0x08004404       0x38 ..\obj\bignum.o
                0x08004404                mbedtls_mpi_lsb
 .text.mbedtls_mpi_bitlen
                0x0800443c       0x44 ..\obj\bignum.o
                0x0800443c                mbedtls_mpi_bitlen
 .text.mbedtls_mpi_size
                0x08004480        0xc ..\obj\bignum.o
                0x08004480                mbedtls_mpi_size
 .text.mbedtls_mpi_read_binary
                0x0800448c       0x64 ..\obj\bignum.o
                0x0800448c                mbedtls_mpi_read_binary
 .text.mbedtls_mpi_write_binary
                0x080044f0       0x48 ..\obj\bignum.o
                0x080044f0                mbedtls_mpi_write_binary
 .text.mbedtls_mpi_shift_l
                0x08004538       0xa0 ..\obj\bignum.o
                0x08004538                mbedtls_mpi_shift_l
 .text.mbedtls_mpi_shift_r
                0x080045d8       0x8c ..\obj\bignum.o
                0x080045d8                mbedtls_mpi_shift_r
 .text.mbedtls_mpi_cmp_abs
                0x08004664       0x7c ..\obj\bignum.o
                0x08004664                mbedtls_mpi_cmp_abs
 .text.mpi_montmul
                0x080046e0       0xbc ..\obj\bignum.o
 .text.mpi_montred
                0x0800479c       0x24 ..\obj\bignum.o
 .text.mbedtls_mpi_cmp_mpi
                0x080047c0       0x98 ..\obj\bignum.o
                0x080047c0                mbedtls_mpi_cmp_mpi
 .text.mbedtls_mpi_cmp_int
                0x08004858       0x30 ..\obj\bignum.o
                0x08004858                mbedtls_mpi_cmp_int
 .text.mbedtls_mpi_add_abs
                0x08004888       0xb0 ..\obj\bignum.o
                0x08004888                mbedtls_mpi_add_abs
 .text.mbedtls_mpi_sub_abs
                0x08004938       0x78 ..\obj\bignum.o
                0x08004938                mbedtls_mpi_sub_abs
 .text.mbedtls_mpi_add_mpi
                0x080049b0       0x54 ..\obj\bignum.o
                0x080049b0                mbedtls_mpi_add_mpi
 .text.mbedtls_mpi_sub_mpi
                0x08004a04       0x54 ..\obj\bignum.o
                0x08004a04                mbedtls_mpi_sub_mpi
 .text.mbedtls_mpi_sub_int
                0x08004a58       0x30 ..\obj\bignum.o
                0x08004a58                mbedtls_mpi_sub_int
 .text.mbedtls_mpi_mul_mpi
                0x08004a88       0xd0 ..\obj\bignum.o
                0x08004a88                mbedtls_mpi_mul_mpi
 .text.mbedtls_mpi_mul_int
                0x08004b58       0x1c ..\obj\bignum.o
                0x08004b58                mbedtls_mpi_mul_int
 .text.mbedtls_mpi_div_mpi
                0x08004b74      0x3bc ..\obj\bignum.o
                0x08004b74                mbedtls_mpi_div_mpi
 .text.mbedtls_mpi_mod_mpi
                0x08004f30       0x68 ..\obj\bignum.o
                0x08004f30                mbedtls_mpi_mod_mpi
 .text.mbedtls_mpi_exp_mod
                0x08004f98      0x418 ..\obj\bignum.o
                0x08004f98                mbedtls_mpi_exp_mod
 .text.mbedtls_mpi_gcd
                0x080053b0      0x114 ..\obj\bignum.o
                0x080053b0                mbedtls_mpi_gcd
 .text.mbedtls_mpi_fill_random
                0x080054c4       0x38 ..\obj\bignum.o
                0x080054c4                mbedtls_mpi_fill_random
 .text.mbedtls_mpi_inv_mod
                0x080054fc      0x2d0 ..\obj\bignum.o
                0x080054fc                mbedtls_mpi_inv_mod
 .text.main     0x080057cc       0xe4 ..\obj\main.o
                0x080057cc                main
 .text.mbedtls_zeroize
                0x080058b0       0x14 ..\obj\sha256.o
 .text.mbedtls_sha256_init
                0x080058c4        0xc ..\obj\sha256.o
                0x080058c4                mbedtls_sha256_init
 .text.mbedtls_sha256_free
                0x080058d0       0x10 ..\obj\sha256.o
                0x080058d0                mbedtls_sha256_free
 .text.mbedtls_sha256_clone
                0x080058e0        0xc ..\obj\sha256.o
                0x080058e0                mbedtls_sha256_clone
 .text.mbedtls_sha256_starts
                0x080058ec       0xa4 ..\obj\sha256.o
                0x080058ec                mbedtls_sha256_starts
 .text.mbedtls_sha256_process
                0x08005990      0x7cc ..\obj\sha256.o
                0x08005990                mbedtls_sha256_process
 .text.mbedtls_sha256_update
                0x0800615c       0x74 ..\obj\sha256.o
                0x0800615c                mbedtls_sha256_update
 .text.mbedtls_sha256_finish
                0x080061d0      0x108 ..\obj\sha256.o
                0x080061d0                mbedtls_sha256_finish
 .text.mbedtls_sha256
                0x080062d8       0x38 ..\obj\sha256.o
                0x080062d8                mbedtls_sha256
 .text.wizchip_cris_enter
                0x08006310        0x4 ..\obj\wizchip_conf.o
                0x08006310                wizchip_cris_enter
 .text.wizchip_cris_exit
                0x08006314        0x4 ..\obj\wizchip_conf.o
                0x08006314                wizchip_cris_exit
 .text.wizchip_cs_select
                0x08006318        0x4 ..\obj\wizchip_conf.o
                0x08006318                wizchip_cs_select
 .text.wizchip_cs_deselect
                0x0800631c        0x4 ..\obj\wizchip_conf.o
                0x0800631c                wizchip_cs_deselect
 .text.wizchip_bus_readdata
                0x08006320        0x4 ..\obj\wizchip_conf.o
                0x08006320                wizchip_bus_readdata
 .text.wizchip_bus_writedata
                0x08006324        0x4 ..\obj\wizchip_conf.o
                0x08006324                wizchip_bus_writedata
 .text.wizchip_spi_readbyte
                0x08006328        0x4 ..\obj\wizchip_conf.o
                0x08006328                wizchip_spi_readbyte
 .text.wizchip_spi_writebyte
                0x0800632c        0x4 ..\obj\wizchip_conf.o
                0x0800632c                wizchip_spi_writebyte
 .text.reg_wizchip_cs_cbfunc
                0x08006330       0x24 ..\obj\wizchip_conf.o
                0x08006330                reg_wizchip_cs_cbfunc
 .text.reg_wizchip_spi_cbfunc
                0x08006354       0x34 ..\obj\wizchip_conf.o
                0x08006354                reg_wizchip_spi_cbfunc
 .text.wizchip_sw_reset
                0x08006388       0x78 ..\obj\wizchip_conf.o
                0x08006388                wizchip_sw_reset
 .text.wizchip_init
                0x08006400       0x9c ..\obj\wizchip_conf.o
                0x08006400                wizchip_init
 .text.wizchip_clrinterrupt
                0x0800649c       0x20 ..\obj\wizchip_conf.o
                0x0800649c                wizchip_clrinterrupt
 .text.wizchip_getinterrupt
                0x080064bc       0x24 ..\obj\wizchip_conf.o
                0x080064bc                wizchip_getinterrupt
 .text.wizchip_setinterruptmask
                0x080064e0       0x1c ..\obj\wizchip_conf.o
                0x080064e0                wizchip_setinterruptmask
 .text.wizchip_getinterruptmask
                0x080064fc       0x1c ..\obj\wizchip_conf.o
                0x080064fc                wizchip_getinterruptmask
 .text.wizphy_getphylink
                0x08006518       0x18 ..\obj\wizchip_conf.o
                0x08006518                wizphy_getphylink
 .text.wizphy_getphypmode
                0x08006530       0x18 ..\obj\wizchip_conf.o
                0x08006530                wizphy_getphypmode
 .text.wizphy_reset
                0x08006548       0x30 ..\obj\wizchip_conf.o
                0x08006548                wizphy_reset
 .text.wizphy_setphyconf
                0x08006578       0x4c ..\obj\wizchip_conf.o
                0x08006578                wizphy_setphyconf
 .text.wizphy_getphyconf
                0x080065c4       0x58 ..\obj\wizchip_conf.o
                0x080065c4                wizphy_getphyconf
 .text.wizphy_setphypmode
                0x0800661c       0x60 ..\obj\wizchip_conf.o
                0x0800661c                wizphy_setphypmode
 .text.ctlwizchip
                0x0800667c      0x114 ..\obj\wizchip_conf.o
                0x0800667c                ctlwizchip
 .text.wizchip_setnetinfo
                0x08006790       0x54 ..\obj\wizchip_conf.o
                0x08006790                wizchip_setnetinfo
 .text.wizchip_getnetinfo
                0x080067e4       0x54 ..\obj\wizchip_conf.o
                0x080067e4                wizchip_getnetinfo
 .text.PrintChar
                0x08006838       0x1c ..\obj\printf.o
                0x08006838                PrintChar
 .text.PutChar  0x08006854        0x8 ..\obj\printf.o
                0x08006854                PutChar
 .text.PutString
                0x0800685c       0x18 ..\obj\printf.o
                0x0800685c                PutString
 .text.PutUnsignedInt
                0x08006874       0x60 ..\obj\printf.o
                0x08006874                PutUnsignedInt
 .text.PutSignedInt
                0x080068d4       0xa8 ..\obj\printf.o
                0x080068d4                PutSignedInt
 .text.PutHexa  0x0800697c       0x7c ..\obj\printf.o
                0x0800697c                PutHexa
 .text.vsnprintf
                0x080069f8      0x130 ..\obj\printf.o
                0x080069f8                vsnprintf
 .text.vsprintf
                0x08006b28       0x10 ..\obj\printf.o
                0x08006b28                vsprintf
 .text.fputc    0x08006b38       0x28 ..\obj\printf.o
                0x08006b38                fputc
 .text.fputs    0x08006b60       0x24 ..\obj\printf.o
                0x08006b60                fputs
 .text.vfprintf
                0x08006b84       0x4c ..\obj\printf.o
                0x08006b84                vfprintf
 .text.vprintf  0x08006bd0       0x18 ..\obj\printf.o
                0x08006bd0                vprintf
 .text.printf   0x08006be8       0x1c ..\obj\printf.o
                0x08006be8                printf
 .text.puts     0x08006c04       0x14 ..\obj\printf.o
                0x08006c04                puts
 .text.rsa_can_do
                0x08006c18       0x14 ..\obj\pk_wrap.o
 .text.rsa_get_bitlen
                0x08006c2c        0x8 ..\obj\pk_wrap.o
 .text.rsa_debug
                0x08006c34       0x24 ..\obj\pk_wrap.o
 .text.rsa_free_wrap
                0x08006c58       0x10 ..\obj\pk_wrap.o
 .text.rsa_alloc_wrap
                0x08006c68       0x1c ..\obj\pk_wrap.o
 .text.rsa_check_pair_wrap
                0x08006c84        0x8 ..\obj\pk_wrap.o
 .text.rsa_encrypt_wrap
                0x08006c8c       0x2c ..\obj\pk_wrap.o
 .text.rsa_decrypt_wrap
                0x08006cb8       0x2c ..\obj\pk_wrap.o
 .text.rsa_sign_wrap
                0x08006ce4       0x24 ..\obj\pk_wrap.o
 .text.rsa_verify_wrap
                0x08006d08       0x40 ..\obj\pk_wrap.o
 .text.md5_process_wrap
                0x08006d48        0x8 ..\obj\md_wrap.o
 .text.md5_clone_wrap
                0x08006d50        0x8 ..\obj\md_wrap.o
 .text.md5_ctx_free
                0x08006d58       0x10 ..\obj\md_wrap.o
 .text.md5_ctx_alloc
                0x08006d68       0x18 ..\obj\md_wrap.o
 .text.md5_finish_wrap
                0x08006d80        0x8 ..\obj\md_wrap.o
 .text.md5_update_wrap
                0x08006d88        0x8 ..\obj\md_wrap.o
 .text.md5_starts_wrap
                0x08006d90        0x8 ..\obj\md_wrap.o
 .text.sha1_process_wrap
                0x08006d98        0x8 ..\obj\md_wrap.o
 .text.sha1_clone_wrap
                0x08006da0        0x8 ..\obj\md_wrap.o
 .text.sha1_ctx_free
                0x08006da8       0x10 ..\obj\md_wrap.o
 .text.sha1_ctx_alloc
                0x08006db8       0x18 ..\obj\md_wrap.o
 .text.sha1_finish_wrap
                0x08006dd0        0x8 ..\obj\md_wrap.o
 .text.sha1_update_wrap
                0x08006dd8        0x8 ..\obj\md_wrap.o
 .text.sha1_starts_wrap
                0x08006de0        0x8 ..\obj\md_wrap.o
 .text.sha224_process_wrap
                0x08006de8        0x8 ..\obj\md_wrap.o
 .text.sha224_clone_wrap
                0x08006df0        0x8 ..\obj\md_wrap.o
 .text.sha224_ctx_free
                0x08006df8       0x10 ..\obj\md_wrap.o
 .text.sha224_ctx_alloc
                0x08006e08       0x18 ..\obj\md_wrap.o
 .text.sha224_wrap
                0x08006e20        0xc ..\obj\md_wrap.o
 .text.sha256_wrap
                0x08006e2c        0xc ..\obj\md_wrap.o
 .text.sha224_finish_wrap
                0x08006e38        0x8 ..\obj\md_wrap.o
 .text.sha224_update_wrap
                0x08006e40        0x8 ..\obj\md_wrap.o
 .text.sha224_starts_wrap
                0x08006e48        0xc ..\obj\md_wrap.o
 .text.sha256_starts_wrap
                0x08006e54        0xc ..\obj\md_wrap.o
 .text.sha384_process_wrap
                0x08006e60        0x8 ..\obj\md_wrap.o
 .text.sha384_clone_wrap
                0x08006e68        0x8 ..\obj\md_wrap.o
 .text.sha384_ctx_free
                0x08006e70       0x10 ..\obj\md_wrap.o
 .text.sha384_ctx_alloc
                0x08006e80       0x18 ..\obj\md_wrap.o
 .text.sha384_wrap
                0x08006e98        0xc ..\obj\md_wrap.o
 .text.sha512_wrap
                0x08006ea4        0xc ..\obj\md_wrap.o
 .text.sha384_finish_wrap
                0x08006eb0        0x8 ..\obj\md_wrap.o
 .text.sha384_update_wrap
                0x08006eb8        0x8 ..\obj\md_wrap.o
 .text.sha384_starts_wrap
                0x08006ec0        0xc ..\obj\md_wrap.o
 .text.sha512_starts_wrap
                0x08006ecc        0xc ..\obj\md_wrap.o
 .text.RCC_GetClocksFreq
                0x08006ed8       0xb8 ..\obj\stm32f10x_rcc.o
                0x08006ed8                RCC_GetClocksFreq
 .text.RCC_APB2PeriphClockCmd
                0x08006f90       0x1c ..\obj\stm32f10x_rcc.o
                0x08006f90                RCC_APB2PeriphClockCmd
 .text.WIZCHIP_READ
                0x08006fac       0x68 ..\obj\w5500.o
                0x08006fac                WIZCHIP_READ
 .text.WIZCHIP_WRITE
                0x08007014       0x68 ..\obj\w5500.o
                0x08007014                WIZCHIP_WRITE
 .text.WIZCHIP_READ_BUF
                0x0800707c       0x80 ..\obj\w5500.o
                0x0800707c                WIZCHIP_READ_BUF
 .text.WIZCHIP_WRITE_BUF
                0x080070fc       0x84 ..\obj\w5500.o
                0x080070fc                WIZCHIP_WRITE_BUF
 .text.getSn_TX_FSR
                0x08007180       0x50 ..\obj\w5500.o
                0x08007180                getSn_TX_FSR
 .text.getSn_RX_RSR
                0x080071d0       0x50 ..\obj\w5500.o
                0x080071d0                getSn_RX_RSR
 .text.wiz_send_data
                0x08007220       0x5c ..\obj\w5500.o
                0x08007220                wiz_send_data
 .text.wiz_recv_data
                0x0800727c       0x5c ..\obj\w5500.o
                0x0800727c                wiz_recv_data
 .text.mbedtls_zeroize
                0x080072d8       0x14 ..\obj\pem.o
 .text.pem_get_iv
                0x080072ec       0x64 ..\obj\pem.o
 .text.pem_pbkdf1
                0x08007350       0xb8 ..\obj\pem.o
 .text.pem_aes_decrypt
                0x08007408       0x50 ..\obj\pem.o
 .text.mbedtls_pem_init
                0x08007458       0x34 ..\obj\pem.o
                0x08007458                mbedtls_pem_init
 .text.mbedtls_pem_read_buffer
                0x0800748c      0x268 ..\obj\pem.o
                0x0800748c                mbedtls_pem_read_buffer
 .text.mbedtls_pem_free
                0x080076f4       0x1c ..\obj\pem.o
                0x080076f4                mbedtls_pem_free
 .text.oid_x509_ext_from_asn1
                0x08007710       0x30 ..\obj\oid.o
 .text.oid_sig_alg_from_asn1
                0x08007740       0x30 ..\obj\oid.o
 .text.oid_pk_alg_from_asn1
                0x08007770       0x30 ..\obj\oid.o
 .text.oid_md_alg_from_asn1
                0x080077a0       0x30 ..\obj\oid.o
 .text.mbedtls_oid_get_x509_ext_type
                0x080077d0       0x18 ..\obj\oid.o
                0x080077d0                mbedtls_oid_get_x509_ext_type
 .text.mbedtls_oid_get_sig_alg
                0x080077e8       0x20 ..\obj\oid.o
                0x080077e8                mbedtls_oid_get_sig_alg
 .text.mbedtls_oid_get_pk_alg
                0x08007808       0x18 ..\obj\oid.o
                0x08007808                mbedtls_oid_get_pk_alg
 .text.mbedtls_oid_get_md_alg
                0x08007820       0x18 ..\obj\oid.o
                0x08007820                mbedtls_oid_get_md_alg
 .text.mbedtls_oid_get_oid_by_md
                0x08007838       0x2c ..\obj\oid.o
                0x08007838                mbedtls_oid_get_oid_by_md
 .text.mbedtls_ssl_list_ciphersuites
                0x08007864        0x8 ..\obj\ssl_ciphersuites.o
                0x08007864                mbedtls_ssl_list_ciphersuites
 .text.mbedtls_ssl_ciphersuite_from_id
                0x0800786c       0x1c ..\obj\ssl_ciphersuites.o
                0x0800786c                mbedtls_ssl_ciphersuite_from_id
 .text.mbedtls_ssl_get_ciphersuite_name
                0x08007888       0x14 ..\obj\ssl_ciphersuites.o
                0x08007888                mbedtls_ssl_get_ciphersuite_name
 .text.mbedtls_zeroize
                0x0800789c       0x14 ..\obj\aes.o
 .text.aes_gen_tables
                0x080078b0      0x1fc ..\obj\aes.o
 .text.mbedtls_aes_init
                0x08007aac       0x10 ..\obj\aes.o
                0x08007aac                mbedtls_aes_init
 .text.mbedtls_aes_free
                0x08007abc       0x10 ..\obj\aes.o
                0x08007abc                mbedtls_aes_free
 .text.mbedtls_aes_setkey_enc
                0x08007acc      0x204 ..\obj\aes.o
                0x08007acc                mbedtls_aes_setkey_enc
 .text.mbedtls_aes_setkey_dec
                0x08007cd0       0xe4 ..\obj\aes.o
                0x08007cd0                mbedtls_aes_setkey_dec
 .text.mbedtls_aes_encrypt
                0x08007db4      0x498 ..\obj\aes.o
                0x08007db4                mbedtls_aes_encrypt
 .text.mbedtls_aes_decrypt
                0x0800824c      0x490 ..\obj\aes.o
                0x0800824c                mbedtls_aes_decrypt
 .text.mbedtls_aes_crypt_ecb
                0x080086dc       0x1c ..\obj\aes.o
                0x080086dc                mbedtls_aes_crypt_ecb
 .text.mbedtls_aes_crypt_cbc
                0x080086f8       0xac ..\obj\aes.o
                0x080086f8                mbedtls_aes_crypt_cbc
 .text.USART_Init
                0x080087a4       0xcc ..\obj\stm32f10x_usart.o
                0x080087a4                USART_Init
 .text.USART_Cmd
                0x08008870       0x1c ..\obj\stm32f10x_usart.o
                0x08008870                USART_Cmd
 .text.USART_SendData
                0x0800888c        0x8 ..\obj\stm32f10x_usart.o
                0x0800888c                USART_SendData
 .text.USART_GetFlagStatus
                0x08008894       0x10 ..\obj\stm32f10x_usart.o
                0x08008894                USART_GetFlagStatus
 .text.WIZnetSetTimer
                0x080088a4       0x24 ..\obj\wizInterface.o
                0x080088a4                WIZnetSetTimer
 .text.WIZnetGetTimer
                0x080088c8       0x60 ..\obj\wizInterface.o
                0x080088c8                WIZnetGetTimer
 .text.WIZnetSend
                0x08008928       0x34 ..\obj\wizInterface.o
                0x08008928                WIZnetSend
 .text.WIZnetRecv
                0x0800895c        0xc ..\obj\wizInterface.o
                0x0800895c                WIZnetRecv
 .text.WIZnetRecvTimeOut
                0x08008968       0x44 ..\obj\wizInterface.o
                0x08008968                WIZnetRecvTimeOut
 .text.SSLRandomCB
                0x080089ac       0x44 ..\obj\wizInterface.o
                0x080089ac                SSLRandomCB
 .text.WIZnetRegFuncTicker
                0x080089f0        0xc ..\obj\wizInterface.o
                0x080089f0                WIZnetRegFuncTicker
 .text.wiz_mbedtls_ssl_connect
                0x080089fc       0x64 ..\obj\wizInterface.o
                0x080089fc                wiz_mbedtls_ssl_connect
 .text.wiz_mbedtls_ssl_init
                0x08008a60       0xfc ..\obj\wizInterface.o
                0x08008a60                wiz_mbedtls_ssl_init
 .text.wiz_mbedtls_ssl_handshake
                0x08008b5c       0x70 ..\obj\wizInterface.o
                0x08008b5c                wiz_mbedtls_ssl_handshake
 .text.ssl_generate_random
                0x08008bcc       0x2c ..\obj\ssl_cli.o
 .text.ssl_write_signature_algorithms_ext
                0x08008bf8       0x8c ..\obj\ssl_cli.o
 .text.ssl_write_client_hello
                0x08008c84      0x1b0 ..\obj\ssl_cli.o
 .text.ssl_parse_server_key_exchange
                0x08008e34       0x5c ..\obj\ssl_cli.o
 .text.ssl_parse_server_hello_done
                0x08008e90       0x4c ..\obj\ssl_cli.o
 .text.ssl_parse_renegotiation_info
                0x08008edc       0x24 ..\obj\ssl_cli.o
 .text.ssl_parse_server_hello
                0x08008f00      0x2c0 ..\obj\ssl_cli.o
 .text.ssl_parse_certificate_request
                0x080091c0      0x11c ..\obj\ssl_cli.o
 .text.ssl_write_encrypted_pms
                0x080092dc       0xe8 ..\obj\ssl_cli.o
 .text.ssl_write_client_key_exchange
                0x080093c4       0x54 ..\obj\ssl_cli.o
 .text.ssl_write_certificate_verify
                0x08009418      0x140 ..\obj\ssl_cli.o
 .text.mbedtls_ssl_handshake_client_step
                0x08009558       0xe0 ..\obj\ssl_cli.o
                0x08009558                mbedtls_ssl_handshake_client_step
 .text.x509_parse_int
                0x08009638       0x44 ..\obj\x509.o
 .text.x509_get_attr_type_value
                0x0800967c       0xb0 ..\obj\x509.o
 .text.mbedtls_x509_get_serial
                0x0800972c       0x50 ..\obj\x509.o
                0x0800972c                mbedtls_x509_get_serial
 .text.mbedtls_x509_get_alg
                0x0800977c       0x14 ..\obj\x509.o
                0x0800977c                mbedtls_x509_get_alg
 .text.mbedtls_x509_get_name
                0x08009790       0x74 ..\obj\x509.o
                0x08009790                mbedtls_x509_get_name
 .text.mbedtls_x509_get_time
                0x08009804      0x178 ..\obj\x509.o
                0x08009804                mbedtls_x509_get_time
 .text.mbedtls_x509_get_sig
                0x0800997c       0x40 ..\obj\x509.o
                0x0800997c                mbedtls_x509_get_sig
 .text.mbedtls_x509_get_sig_alg
                0x080099bc       0x40 ..\obj\x509.o
                0x080099bc                mbedtls_x509_get_sig_alg
 .text.mbedtls_x509_get_ext
                0x080099fc       0x5c ..\obj\x509.o
                0x080099fc                mbedtls_x509_get_ext
 .text.mbedtls_x509_time_is_past
                0x08009a58        0x4 ..\obj\x509.o
                0x08009a58                mbedtls_x509_time_is_past
 .text.mbedtls_x509_time_is_future
                0x08009a5c        0x4 ..\obj\x509.o
                0x08009a5c                mbedtls_x509_time_is_future
 .text.mbedtls_zeroize
                0x08009a60       0x14 ..\obj\md5.o
 .text.mbedtls_md5_init
                0x08009a74        0xc ..\obj\md5.o
                0x08009a74                mbedtls_md5_init
 .text.mbedtls_md5_free
                0x08009a80       0x10 ..\obj\md5.o
                0x08009a80                mbedtls_md5_free
 .text.mbedtls_md5_clone
                0x08009a90        0xc ..\obj\md5.o
                0x08009a90                mbedtls_md5_clone
 .text.mbedtls_md5_starts
                0x08009a9c       0x2c ..\obj\md5.o
                0x08009a9c                mbedtls_md5_starts
 .text.mbedtls_md5_process
                0x08009ac8      0x8d0 ..\obj\md5.o
                0x08009ac8                mbedtls_md5_process
 .text.mbedtls_md5_update
                0x0800a398       0x74 ..\obj\md5.o
                0x0800a398                mbedtls_md5_update
 .text.mbedtls_md5_finish
                0x0800a40c       0xb4 ..\obj\md5.o
                0x0800a40c                mbedtls_md5_finish
 .text.mbedtls_md5
                0x0800a4c0       0x34 ..\obj\md5.o
                0x0800a4c0                mbedtls_md5
 .text._sbrk    0x0800a4f4       0x20 ..\obj\syscalls.o
                0x0800a4f4                _sbrk
 .text.mbedtls_zeroize
                0x0800a514       0x14 ..\obj\asn1parse.o
 .text.mbedtls_asn1_get_len
                0x0800a528       0xc8 ..\obj\asn1parse.o
                0x0800a528                mbedtls_asn1_get_len
 .text.mbedtls_asn1_get_tag
                0x0800a5f0       0x28 ..\obj\asn1parse.o
                0x0800a5f0                mbedtls_asn1_get_tag
 .text.mbedtls_asn1_get_bool
                0x0800a618       0x38 ..\obj\asn1parse.o
                0x0800a618                mbedtls_asn1_get_bool
 .text.mbedtls_asn1_get_int
                0x0800a650       0x58 ..\obj\asn1parse.o
                0x0800a650                mbedtls_asn1_get_int
 .text.mbedtls_asn1_get_mpi
                0x0800a6a8       0x2c ..\obj\asn1parse.o
                0x0800a6a8                mbedtls_asn1_get_mpi
 .text.mbedtls_asn1_get_bitstring
                0x0800a6d4       0x50 ..\obj\asn1parse.o
                0x0800a6d4                mbedtls_asn1_get_bitstring
 .text.mbedtls_asn1_get_bitstring_null
                0x0800a724       0x34 ..\obj\asn1parse.o
                0x0800a724                mbedtls_asn1_get_bitstring_null
 .text.mbedtls_asn1_get_sequence_of
                0x0800a758       0x80 ..\obj\asn1parse.o
                0x0800a758                mbedtls_asn1_get_sequence_of
 .text.mbedtls_asn1_get_alg
                0x0800a7d8       0x98 ..\obj\asn1parse.o
                0x0800a7d8                mbedtls_asn1_get_alg
 .text.aes_ctx_free
                0x0800a870       0x10 ..\obj\cipher_wrap.o
 .text.aes_ctx_alloc
                0x0800a880       0x1c ..\obj\cipher_wrap.o
 .text.aes_setkey_dec_wrap
                0x0800a89c        0x8 ..\obj\cipher_wrap.o
 .text.aes_setkey_enc_wrap
                0x0800a8a4        0x8 ..\obj\cipher_wrap.o
 .text.aes_crypt_cbc_wrap
                0x0800a8ac       0x14 ..\obj\cipher_wrap.o
 .text.aes_crypt_ecb_wrap
                0x0800a8c0        0x8 ..\obj\cipher_wrap.o
 .text.mbedtls_zeroize
                0x0800a8c8       0x14 ..\obj\sha1.o
 .text.mbedtls_sha1_init
                0x0800a8dc        0xc ..\obj\sha1.o
                0x0800a8dc                mbedtls_sha1_init
 .text.mbedtls_sha1_free
                0x0800a8e8       0x10 ..\obj\sha1.o
                0x0800a8e8                mbedtls_sha1_free
 .text.mbedtls_sha1_clone
                0x0800a8f8        0xc ..\obj\sha1.o
                0x0800a8f8                mbedtls_sha1_clone
 .text.mbedtls_sha1_starts
                0x0800a904       0x34 ..\obj\sha1.o
                0x0800a904                mbedtls_sha1_starts
 .text.mbedtls_sha1_process
                0x0800a938      0xff4 ..\obj\sha1.o
                0x0800a938                mbedtls_sha1_process
 .text.mbedtls_sha1_update
                0x0800b92c       0x70 ..\obj\sha1.o
                0x0800b92c                mbedtls_sha1_update
 .text.mbedtls_sha1_finish
                0x0800b99c       0xc4 ..\obj\sha1.o
                0x0800b99c                mbedtls_sha1_finish
 .text.mbedtls_sha1
                0x0800ba60       0x34 ..\obj\sha1.o
                0x0800ba60                mbedtls_sha1
 .text.mbedtls_zeroize
                0x0800ba94       0x14 ..\obj\sha512.o
 .text.mbedtls_sha512_init
                0x0800baa8        0xc ..\obj\sha512.o
                0x0800baa8                mbedtls_sha512_init
 .text.mbedtls_sha512_free
                0x0800bab4       0x10 ..\obj\sha512.o
                0x0800bab4                mbedtls_sha512_free
 .text.mbedtls_sha512_clone
                0x0800bac4        0xc ..\obj\sha512.o
                0x0800bac4                mbedtls_sha512_clone
 .text.mbedtls_sha512_starts
                0x0800bad0      0x140 ..\obj\sha512.o
                0x0800bad0                mbedtls_sha512_starts
 .text.mbedtls_sha512_process
                0x0800bc10      0xd18 ..\obj\sha512.o
                0x0800bc10                mbedtls_sha512_process
 .text.mbedtls_sha512_update
                0x0800c928       0x88 ..\obj\sha512.o
                0x0800c928                mbedtls_sha512_update
 .text.mbedtls_sha512_finish
                0x0800c9b0      0x278 ..\obj\sha512.o
                0x0800c9b0                mbedtls_sha512_finish
 .text.mbedtls_sha512
                0x0800cc28       0x38 ..\obj\sha512.o
                0x0800cc28                mbedtls_sha512
 .text.NVIC_Init
                0x0800cc60       0x70 ..\obj\misc.o
                0x0800cc60                NVIC_Init
 .text.SysTick_CLKSourceConfig
                0x0800ccd0       0x20 ..\obj\misc.o
                0x0800ccd0                SysTick_CLKSourceConfig
 .text.W5500Select
                0x0800ccf0       0x10 ..\obj\W5500HardwareDriver.o
                0x0800ccf0                W5500Select
 .text.W5500DeSelect
                0x0800cd00       0x10 ..\obj\W5500HardwareDriver.o
                0x0800cd00                W5500DeSelect
 .text.W5500WriteByte
                0x0800cd10       0x30 ..\obj\W5500HardwareDriver.o
                0x0800cd10                W5500WriteByte
 .text.W5500ReadByte
                0x0800cd40       0x30 ..\obj\W5500HardwareDriver.o
                0x0800cd40                W5500ReadByte
 .text.W5500Initialze
                0x0800cd70       0x78 ..\obj\W5500HardwareDriver.o
                0x0800cd70                W5500Initialze
 .text.W5500HardwareReset
                0x0800cde8       0x30 ..\obj\W5500HardwareDriver.o
                0x0800cde8                W5500HardwareReset
 .text.W5500HardwareInitilize
                0x0800ce18      0x100 ..\obj\W5500HardwareDriver.o
                0x0800ce18                W5500HardwareInitilize
 .text.SPI_Init
                0x0800cf18       0x4c ..\obj\stm32f10x_spi.o
                0x0800cf18                SPI_Init
 .text.SPI_Cmd  0x0800cf64       0x1c ..\obj\stm32f10x_spi.o
                0x0800cf64                SPI_Cmd
 .text.SPI_I2S_SendData
                0x0800cf80        0x4 ..\obj\stm32f10x_spi.o
                0x0800cf80                SPI_I2S_SendData
 .text.SPI_I2S_ReceiveData
                0x0800cf84        0x8 ..\obj\stm32f10x_spi.o
                0x0800cf84                SPI_I2S_ReceiveData
 .text.SPI_I2S_GetFlagStatus
                0x0800cf8c       0x10 ..\obj\stm32f10x_spi.o
                0x0800cf8c                SPI_I2S_GetFlagStatus
 .text.rsa_prepare_blinding
                0x0800cf9c       0xd0 ..\obj\rsa.o
 .text.mbedtls_rsa_set_padding
                0x0800d06c        0xc ..\obj\rsa.o
                0x0800d06c                mbedtls_rsa_set_padding
 .text.mbedtls_rsa_init
                0x0800d078       0x1c ..\obj\rsa.o
                0x0800d078                mbedtls_rsa_init
 .text.mbedtls_rsa_check_pubkey
                0x0800d094       0x78 ..\obj\rsa.o
                0x0800d094                mbedtls_rsa_check_pubkey
 .text.mbedtls_rsa_check_privkey
                0x0800d10c      0x234 ..\obj\rsa.o
                0x0800d10c                mbedtls_rsa_check_privkey
 .text.mbedtls_rsa_check_pub_priv
                0x0800d340       0x4c ..\obj\rsa.o
                0x0800d340                mbedtls_rsa_check_pub_priv
 .text.mbedtls_rsa_public
                0x0800d38c       0x70 ..\obj\rsa.o
                0x0800d38c                mbedtls_rsa_public
 .text.mbedtls_rsa_private
                0x0800d3fc      0x150 ..\obj\rsa.o
                0x0800d3fc                mbedtls_rsa_private
 .text.mbedtls_rsa_rsaes_pkcs1_v15_encrypt
                0x0800d54c       0xdc ..\obj\rsa.o
                0x0800d54c                mbedtls_rsa_rsaes_pkcs1_v15_encrypt
 .text.mbedtls_rsa_pkcs1_encrypt
                0x0800d628       0x28 ..\obj\rsa.o
                0x0800d628                mbedtls_rsa_pkcs1_encrypt
 .text.mbedtls_rsa_rsaes_pkcs1_v15_decrypt
                0x0800d650      0x100 ..\obj\rsa.o
                0x0800d650                mbedtls_rsa_rsaes_pkcs1_v15_decrypt
 .text.mbedtls_rsa_pkcs1_decrypt
                0x0800d750       0x2c ..\obj\rsa.o
                0x0800d750                mbedtls_rsa_pkcs1_decrypt
 .text.mbedtls_rsa_rsassa_pkcs1_v15_sign
                0x0800d77c      0x1a4 ..\obj\rsa.o
                0x0800d77c                mbedtls_rsa_rsassa_pkcs1_v15_sign
 .text.mbedtls_rsa_pkcs1_sign
                0x0800d920       0x2c ..\obj\rsa.o
                0x0800d920                mbedtls_rsa_pkcs1_sign
 .text.mbedtls_rsa_rsassa_pkcs1_v15_verify
                0x0800d94c      0x1b0 ..\obj\rsa.o
                0x0800d94c                mbedtls_rsa_rsassa_pkcs1_v15_verify
 .text.mbedtls_rsa_pkcs1_verify
                0x0800dafc       0x2c ..\obj\rsa.o
                0x0800dafc                mbedtls_rsa_pkcs1_verify
 .text.mbedtls_rsa_free
                0x0800db28       0x6c ..\obj\rsa.o
                0x0800db28                mbedtls_rsa_free
 .text          0x0800db94       0x30 c:/program files/gnu tools arm embedded/4.9 2015q3/bin/../lib/gcc/arm-none-eabi/4.9.3/armv7-m\libgcc.a(_aeabi_uldivmod.o)
                0x0800db94                __aeabi_uldivmod
 .text          0x0800dbc4       0x60 c:/program files/gnu tools arm embedded/4.9 2015q3/bin/../lib/gcc/arm-none-eabi/4.9.3/armv7-m\libgcc.a(bpabi.o)
                0x0800dbc4                __gnu_ldivmod_helper
                0x0800dbf4                __gnu_uldivmod_helper
 .text          0x0800dc24        0x4 c:/program files/gnu tools arm embedded/4.9 2015q3/bin/../lib/gcc/arm-none-eabi/4.9.3/armv7-m\libgcc.a(_dvmd_tls.o)
                0x0800dc24                __aeabi_idiv0
                0x0800dc24                __aeabi_ldiv0
 .text          0x0800dc28      0x2ac c:/program files/gnu tools arm embedded/4.9 2015q3/bin/../lib/gcc/arm-none-eabi/4.9.3/armv7-m\libgcc.a(_divdi3.o)
                0x0800dc28                __divdi3
 .text          0x0800ded4      0x270 c:/program files/gnu tools arm embedded/4.9 2015q3/bin/../lib/gcc/arm-none-eabi/4.9.3/armv7-m\libgcc.a(_udivdi3.o)
                0x0800ded4                __udivdi3
 .text.calloc   0x0800e144       0x10 c:/program files/gnu tools arm embedded/4.9 2015q3/bin/../lib/gcc/arm-none-eabi/4.9.3/../../../../arm-none-eabi/lib/armv7-m\libg.a(lib_a-calloc.o)
                0x0800e144                calloc
 .text._calloc_r
                0x0800e154       0x60 c:/program files/gnu tools arm embedded/4.9 2015q3/bin/../lib/gcc/arm-none-eabi/4.9.3/../../../../arm-none-eabi/lib/armv7-m\libg.a(lib_a-callocr.o)
                0x0800e154                _calloc_r
 .text.malloc   0x0800e1b4       0x10 c:/program files/gnu tools arm embedded/4.9 2015q3/bin/../lib/gcc/arm-none-eabi/4.9.3/../../../../arm-none-eabi/lib/armv7-m\libg.a(lib_a-malloc.o)
                0x0800e1b4                malloc
 .text.free     0x0800e1c4       0x10 c:/program files/gnu tools arm embedded/4.9 2015q3/bin/../lib/gcc/arm-none-eabi/4.9.3/../../../../arm-none-eabi/lib/armv7-m\libg.a(lib_a-malloc.o)
                0x0800e1c4                free
 .text._malloc_r
                0x0800e1d4      0x50c c:/program files/gnu tools arm embedded/4.9 2015q3/bin/../lib/gcc/arm-none-eabi/4.9.3/../../../../arm-none-eabi/lib/armv7-m\libg.a(lib_a-mallocr.o)
                0x0800e1d4                _malloc_r
 .text.memcmp   0x0800e6e0       0x64 c:/program files/gnu tools arm embedded/4.9 2015q3/bin/../lib/gcc/arm-none-eabi/4.9.3/../../../../arm-none-eabi/lib/armv7-m\libg.a(lib_a-memcmp.o)
                0x0800e6e0                memcmp
 .text          0x0800e744       0xec c:/program files/gnu tools arm embedded/4.9 2015q3/bin/../lib/gcc/arm-none-eabi/4.9.3/../../../../arm-none-eabi/lib/armv7-m\libg.a(lib_a-memcpy.o)
                0x0800e744                memcpy
 .text.memmove  0x0800e830       0xc8 c:/program files/gnu tools arm embedded/4.9 2015q3/bin/../lib/gcc/arm-none-eabi/4.9.3/../../../../arm-none-eabi/lib/armv7-m\libg.a(lib_a-memmove.o)
                0x0800e830                memmove
 .text.memset   0x0800e8f8       0x9c c:/program files/gnu tools arm embedded/4.9 2015q3/bin/../lib/gcc/arm-none-eabi/4.9.3/../../../../arm-none-eabi/lib/armv7-m\libg.a(lib_a-memset.o)
                0x0800e8f8                memset
 .text.__malloc_lock
                0x0800e994        0x4 c:/program files/gnu tools arm embedded/4.9 2015q3/bin/../lib/gcc/arm-none-eabi/4.9.3/../../../../arm-none-eabi/lib/armv7-m\libg.a(lib_a-mlock.o)
                0x0800e994                __malloc_lock
 .text.__malloc_unlock
                0x0800e998        0x4 c:/program files/gnu tools arm embedded/4.9 2015q3/bin/../lib/gcc/arm-none-eabi/4.9.3/../../../../arm-none-eabi/lib/armv7-m\libg.a(lib_a-mlock.o)
                0x0800e998                __malloc_unlock
 .text.srand    0x0800e99c       0x14 c:/program files/gnu tools arm embedded/4.9 2015q3/bin/../lib/gcc/arm-none-eabi/4.9.3/../../../../arm-none-eabi/lib/armv7-m\libg.a(lib_a-rand.o)
                0x0800e99c                srand
 .text.rand     0x0800e9b0       0x40 c:/program files/gnu tools arm embedded/4.9 2015q3/bin/../lib/gcc/arm-none-eabi/4.9.3/../../../../arm-none-eabi/lib/armv7-m\libg.a(lib_a-rand.o)
                0x0800e9b0                rand
 .text._sbrk_r  0x0800e9f0       0x24 c:/program files/gnu tools arm embedded/4.9 2015q3/bin/../lib/gcc/arm-none-eabi/4.9.3/../../../../arm-none-eabi/lib/armv7-m\libg.a(lib_a-sbrkr.o)
                0x0800e9f0                _sbrk_r
 .text.strchr   0x0800ea14       0xcc c:/program files/gnu tools arm embedded/4.9 2015q3/bin/../lib/gcc/arm-none-eabi/4.9.3/../../../../arm-none-eabi/lib/armv7-m\libg.a(lib_a-strchr.o)
                0x0800ea14                strchr
 .text.strlen   0x0800eae0       0x5c c:/program files/gnu tools arm embedded/4.9 2015q3/bin/../lib/gcc/arm-none-eabi/4.9.3/../../../../arm-none-eabi/lib/armv7-m\libg.a(lib_a-strlen.o)
                0x0800eae0                strlen
 .text.critical_factorization
                0x0800eb3c       0xb8 c:/program files/gnu tools arm embedded/4.9 2015q3/bin/../lib/gcc/arm-none-eabi/4.9.3/../../../../arm-none-eabi/lib/armv7-m\libg.a(lib_a-strstr.o)
 .text.two_way_long_needle
                0x0800ebf4      0x1f8 c:/program files/gnu tools arm embedded/4.9 2015q3/bin/../lib/gcc/arm-none-eabi/4.9.3/../../../../arm-none-eabi/lib/armv7-m\libg.a(lib_a-strstr.o)
 .text.strstr   0x0800edec      0x220 c:/program files/gnu tools arm embedded/4.9 2015q3/bin/../lib/gcc/arm-none-eabi/4.9.3/../../../../arm-none-eabi/lib/armv7-m\libg.a(lib_a-strstr.o)
                0x0800edec                strstr
 .text._malloc_trim_r
                0x0800f00c       0x9c c:/program files/gnu tools arm embedded/4.9 2015q3/bin/../lib/gcc/arm-none-eabi/4.9.3/../../../../arm-none-eabi/lib/armv7-m\libg.a(lib_a-freer.o)
                0x0800f00c                _malloc_trim_r
 .text._free_r  0x0800f0a8      0x1b0 c:/program files/gnu tools arm embedded/4.9 2015q3/bin/../lib/gcc/arm-none-eabi/4.9.3/../../../../arm-none-eabi/lib/armv7-m\libg.a(lib_a-freer.o)
                0x0800f0a8                _free_r
 .text.memchr   0x0800f258       0x94 c:/program files/gnu tools arm embedded/4.9 2015q3/bin/../lib/gcc/arm-none-eabi/4.9.3/../../../../arm-none-eabi/lib/armv7-m\libg.a(lib_a-memchr.o)
                0x0800f258                memchr
 *(.init)
 *(.fini)
 *crtbegin.o(.ctors)
 *crtbegin?.o(.ctors)
 *(EXCLUDE_FILE(*crtend.o *crtend?.o) .ctors)
 *(SORT(.ctors.*))
 *(.ctors)
 *crtbegin.o(.dtors)
 *crtbegin?.o(.dtors)
 *(EXCLUDE_FILE(*crtend.o *crtend?.o) .dtors)
 *(SORT(.dtors.*))
 *(.dtors)
 *(.rodata*)
 .rodata.str1.4
                0x0800f2ec       0x6f ..\obj\IoTEVB.o
 *fill*         0x0800f35b        0x1 
 .rodata.str1.4
                0x0800f35c       0x68 ..\obj\ssl_tls.o
 .rodata        0x0800f3c4       0x1c ..\obj\md.o
 .rodata        0x0800f3e0       0xc0 ..\obj\base64.o
 .rodata        0x0800f4a0       0xd8 ..\obj\x509_crt.o
                0x0800f548                mbedtls_x509_crt_profile_default
                0x0800f558                mbedtls_x509_crt_profile_suiteb
                0x0800f568                mbedtls_x509_crt_profile_next
 .rodata.str1.4
                0x0800f578      0x73e ..\obj\x509_crt.o
                                0x746 (size before relaxing)
 *fill*         0x0800fcb6        0x2 
 .rodata.str1.4
                0x0800fcb8       0x78 ..\obj\main.o
 .rodata        0x0800fd30      0x140 ..\obj\sha256.o
 .rodata.str1.4
                0x0800fe70       0x24 ..\obj\printf.o
 .rodata        0x0800fe94       0x30 ..\obj\pk_wrap.o
                0x0800fe94                mbedtls_rsa_info
 .rodata.str1.4
                0x0800fec4       0x14 ..\obj\pk_wrap.o
 .rodata        0x0800fed8      0x120 ..\obj\md_wrap.o
                0x0800fed8                mbedtls_sha512_info
                0x0800ff08                mbedtls_sha384_info
                0x0800ff38                mbedtls_sha256_info
                0x0800ff68                mbedtls_sha224_info
                0x0800ff98                mbedtls_sha1_info
                0x0800ffc8                mbedtls_md5_info
 .rodata.str1.4
                0x0800fff8       0x2c ..\obj\md_wrap.o
 .rodata.str1.4
                0x08010024       0x6f ..\obj\pem.o
 *fill*         0x08010093        0x1 
 .rodata        0x08010094      0x4f8 ..\obj\oid.o
 .rodata.str1.4
                0x0801058c      0x9f5 ..\obj\oid.o
                                0xa01 (size before relaxing)
 *fill*         0x08010f81        0x3 
 .rodata        0x08010f84       0xb0 ..\obj\ssl_ciphersuites.o
 .rodata.str1.4
                0x08011034       0x7d ..\obj\ssl_ciphersuites.o
                                 0x89 (size before relaxing)
 *fill*         0x080110b1        0x3 
 .rodata        0x080110b4     0x2111 ..\obj\wizInterface.o
                0x080110b4                selfsignedcert
                0x080115f0                graph_facebook_com
                0x08011ca8                api_twitter_com
                0x08012510                mosquitto_broker
                0x08012a58                certs_gmail
 *fill*         0x080131c5        0x3 
 .rodata.str1.4
                0x080131c8      0x11b ..\obj\wizInterface.o
 *fill*         0x080132e3        0x1 
 .rodata        0x080132e4       0x40 ..\obj\md5.o
 .rodata        0x08013324       0xfc ..\obj\cipher_wrap.o
                0x08013324                mbedtls_cipher_definitions
 .rodata.str1.4
                0x08013420       0x48 ..\obj\cipher_wrap.o
 .rodata        0x08013468       0x40 ..\obj\sha1.o
 .rodata        0x080134a8      0x300 ..\obj\sha512.o
 .rodata        0x080137a8       0x10 ..\obj\W5500HardwareDriver.o
 .rodata.str1.4
                0x080137b8       0x38 ..\obj\W5500HardwareDriver.o
                                 0x36 (size before relaxing)
 .rodata.str1.4
                0x00000000        0x2 c:/program files/gnu tools arm embedded/4.9 2015q3/bin/../lib/gcc/arm-none-eabi/4.9.3/../../../../arm-none-eabi/lib/armv7-m\libg.a(lib_a-impure.o)
 *(.eh_fram e*)

.glue_7         0x080137f0        0x0
 .glue_7        0x00000000        0x0 linker stubs

.glue_7t        0x080137f0        0x0
 .glue_7t       0x00000000        0x0 linker stubs

.vfp11_veneer   0x080137f0        0x0
 .vfp11_veneer  0x00000000        0x0 linker stubs

.v4_bx          0x080137f0        0x0
 .v4_bx         0x00000000        0x0 linker stubs

.iplt           0x080137f0        0x0
 .iplt          0x00000000        0x0 ..\obj\x509_crl.o

.ARM.extab
 *(.ARM.extab* .gnu.linkonce.armextab.*)
                0x080137f0                __exidx_start = .

.ARM.exidx      0x080137f0        0x8
 *(.ARM.exidx* .gnu.linkonce.armexidx.*)
 .ARM.exidx     0x080137f0        0x8 c:/program files/gnu tools arm embedded/4.9 2015q3/bin/../lib/gcc/arm-none-eabi/4.9.3/armv7-m\libgcc.a(_divdi3.o)
 .ARM.exidx     0x080137f8        0x0 c:/program files/gnu tools arm embedded/4.9 2015q3/bin/../lib/gcc/arm-none-eabi/4.9.3/armv7-m\libgcc.a(_udivdi3.o)
                                  0x8 (size before relaxing)
                0x080137f8                __exidx_end = .
                0x080137f8                __etext = .
                0x080137f8                _sidata = __etext

.rel.dyn        0x080137f8        0x0
 .rel.iplt      0x00000000        0x0 ..\obj\x509_crl.o

.data           0x20000000      0x8b4 load address 0x080137f8
                0x20000000                __data_start__ = .
                0x20000000                _sdata = __data_start__
 *(vtable)
 *(.data*)
 .data          0x20000000        0x2 ..\obj\socket.o
 *fill*         0x20000002        0x2 
 .data          0x20000004       0x18 ..\obj\ssl_tls.o
 .data          0x2000001c       0x1c ..\obj\main.o
                0x2000001c                gWIZNETINFO
                0x20000034                testIP
 .data          0x20000038       0x28 ..\obj\wizchip_conf.o
                0x20000038                WIZCHIP
 .data          0x20000060       0x14 ..\obj\stm32f10x_rcc.o
 *fill*         0x20000074        0x4 
 .data.impure_data
                0x20000078      0x428 c:/program files/gnu tools arm embedded/4.9 2015q3/bin/../lib/gcc/arm-none-eabi/4.9.3/../../../../arm-none-eabi/lib/armv7-m\libg.a(lib_a-impure.o)
 .data._impure_ptr
                0x200004a0        0x4 c:/program files/gnu tools arm embedded/4.9 2015q3/bin/../lib/gcc/arm-none-eabi/4.9.3/../../../../arm-none-eabi/lib/armv7-m\libg.a(lib_a-impure.o)
                0x200004a0                _impure_ptr
 .data.__malloc_av_
                0x200004a4      0x408 c:/program files/gnu tools arm embedded/4.9 2015q3/bin/../lib/gcc/arm-none-eabi/4.9.3/../../../../arm-none-eabi/lib/armv7-m\libg.a(lib_a-mallocr.o)
                0x200004a4                __malloc_av_
 .data.__malloc_trim_threshold
                0x200008ac        0x4 c:/program files/gnu tools arm embedded/4.9 2015q3/bin/../lib/gcc/arm-none-eabi/4.9.3/../../../../arm-none-eabi/lib/armv7-m\libg.a(lib_a-mallocr.o)
                0x200008ac                __malloc_trim_threshold
 .data.__malloc_sbrk_base
                0x200008b0        0x4 c:/program files/gnu tools arm embedded/4.9 2015q3/bin/../lib/gcc/arm-none-eabi/4.9.3/../../../../arm-none-eabi/lib/armv7-m\libg.a(lib_a-mallocr.o)
                0x200008b0                __malloc_sbrk_base
                0x200008b4                . = ALIGN (0x4)
                0x200008b4                PROVIDE (__preinit_array_start, .)
 *(.preinit_array)
                0x200008b4                PROVIDE (__preinit_array_end, .)
                0x200008b4                . = ALIGN (0x4)
                0x200008b4                PROVIDE (__init_array_start, .)
 *(SORT(.init_array.*))
 *(.init_array)
                0x200008b4                PROVIDE (__init_array_end, .)
                0x200008b4                . = ALIGN (0x4)
                0x200008b4                PROVIDE (__fini_array_start, .)
 *(SORT(.fini_array.*))
 *(.fini_array)
                0x200008b4                PROVIDE (__fini_array_end, .)
 *(.jcr*)
                0x200008b4                . = ALIGN (0x4)
                0x200008b4                __data_end__ = .
                0x200008b4                _edata = __data_end__

.igot.plt       0x200008b4        0x0 load address 0x080140ac
 .igot.plt      0x00000000        0x0 ..\obj\x509_crl.o

.bss            0x200008b4     0x2aa0 load address 0x080140ac
                0x200008b4                . = ALIGN (0x4)
                0x200008b4                __bss_start__ = .
                0x200008b4                _sbss = __bss_start__
 *(.bss*)
 .bss           0x200008b4       0x1c ..\obj\socket.o
                0x200008c8                sock_pack_info
 .bss           0x200008d0        0x4 ..\obj\IoTEVB.o
 .bss           0x200008d4      0x800 ..\obj\main.o
                0x200008d4                tempBuffer
 .bss           0x200010d4        0x5 ..\obj\wizchip_conf.o
 *fill*         0x200010d9        0x3 
 .bss           0x200010dc     0x222c ..\obj\aes.o
 .bss           0x20003308       0x10 ..\obj\wizInterface.o
 .bss           0x20003318        0x4 ..\obj\syscalls.o
 .bss.__malloc_max_total_mem
                0x2000331c        0x4 c:/program files/gnu tools arm embedded/4.9 2015q3/bin/../lib/gcc/arm-none-eabi/4.9.3/../../../../arm-none-eabi/lib/armv7-m\libg.a(lib_a-mallocr.o)
                0x2000331c                __malloc_max_total_mem
 .bss.__malloc_max_sbrked_mem
                0x20003320        0x4 c:/program files/gnu tools arm embedded/4.9 2015q3/bin/../lib/gcc/arm-none-eabi/4.9.3/../../../../arm-none-eabi/lib/armv7-m\libg.a(lib_a-mallocr.o)
                0x20003320                __malloc_max_sbrked_mem
 .bss.__malloc_top_pad
                0x20003324        0x4 c:/program files/gnu tools arm embedded/4.9 2015q3/bin/../lib/gcc/arm-none-eabi/4.9.3/../../../../arm-none-eabi/lib/armv7-m\libg.a(lib_a-mallocr.o)
                0x20003324                __malloc_top_pad
 .bss.__malloc_current_mallinfo
                0x20003328       0x28 c:/program files/gnu tools arm embedded/4.9 2015q3/bin/../lib/gcc/arm-none-eabi/4.9.3/../../../../arm-none-eabi/lib/armv7-m\libg.a(lib_a-mallocr.o)
                0x20003328                __malloc_current_mallinfo
 *(COMMON)
 COMMON         0x20003350        0x4 c:/program files/gnu tools arm embedded/4.9 2015q3/bin/../lib/gcc/arm-none-eabi/4.9.3/../../../../arm-none-eabi/lib/armv7-m\libg.a(lib_a-reent.o)
                0x20003350                errno
                0x20003354                . = ALIGN (0x4)
                0x20003354                __bss_end__ = .
                0x20003354                _ebss = __bss_end__

.heap           0x20003354        0x0
                0x20003354                __end__ = .
                0x20003354                _end = __end__
                0x20003354                end = __end__
 *(.heap*)
                0x20003354                __HeapLimit = .

.co_stack       0x20003354     0x8004 load address 0x08016b4c
                0x20003358                . = ALIGN (0x8)
 *fill*         0x20003354        0x4 
 *(.co_stack .co_stack.*)
 .co_stack      0x20003358     0x8000 ..\obj\startup_stm32f10x_hd.o
                0x20003358                pulStack
                0x2000c000                __StackTop = (ORIGIN (ram) + 0xc000)
                0x20003ffc                __StackLimit = (__StackTop - SIZEOF (.co_stack))
                0x2000c000                PROVIDE (__stack, __StackTop)
                0x00000001                ASSERT ((__StackLimit >= __HeapLimit), region ram  overflowed with stack)
LOAD ..\obj\x509_crl.o
LOAD ..\obj\socket.o
LOAD ..\obj\pkcs5.o
LOAD ..\obj\timing.o
LOAD ..\obj\ecp_curves.o
LOAD ..\obj\httpParser.o
LOAD ..\obj\ssl_srv.o
LOAD ..\obj\IoTEVB.o
LOAD ..\obj\w5200.o
LOAD ..\obj\pk.o
LOAD ..\obj\sntp.o
LOAD ..\obj\pkparse.o
LOAD ..\obj\stm32f10x_tim.o
LOAD ..\obj\tftp.o
LOAD ..\obj\x509write_crt.o
LOAD ..\obj\ssl_tls.o
LOAD ..\obj\OAuthList.o
LOAD ..\obj\memory_buffer_alloc.o
LOAD ..\obj\snmp_custom.o
LOAD ..\obj\ctr_drbg.o
LOAD ..\obj\version.o
LOAD ..\obj\md.o
LOAD ..\obj\camellia.o
LOAD ..\obj\system_stm32f10x.o
LOAD ..\obj\asn1write.o
LOAD ..\obj\startup_stm32f10x_hd.o
LOAD ..\obj\x509write_csr.o
LOAD ..\obj\OAuthDataStructure.o
LOAD ..\obj\platform.o
LOAD ..\obj\ecdh.o
LOAD ..\obj\netutil.o
LOAD ..\obj\havege.o
LOAD ..\obj\cipher.o
LOAD ..\obj\stm32f10x_gpio.o
LOAD ..\obj\base64.o
LOAD ..\obj\x509_create.o
LOAD ..\obj\ecdsa.o
LOAD ..\obj\x509_crt.o
LOAD ..\obj\hmac_drbg.o
LOAD ..\obj\httpServer.o
LOAD ..\obj\bignum.o
LOAD ..\obj\entropy_poll.o
LOAD ..\obj\certs.o
LOAD ..\obj\main.o
LOAD ..\obj\dhm.o
LOAD ..\obj\sha256.o
LOAD ..\obj\wizchip_conf.o
LOAD ..\obj\printf.o
LOAD ..\obj\pk_wrap.o
LOAD ..\obj\x509_csr.o
LOAD ..\obj\xtea.o
LOAD ..\obj\md_wrap.o
LOAD ..\obj\stm32f10x_rcc.o
LOAD ..\obj\w5500.o
LOAD ..\obj\pem.o
LOAD ..\obj\httpUtil.o
LOAD ..\obj\oid.o
LOAD ..\obj\pkcs11.o
LOAD ..\obj\loopback.o
LOAD ..\obj\stm32f10x_exti.o
LOAD ..\obj\w5300.o
LOAD ..\obj\ssl_ciphersuites.o
LOAD ..\obj\ssl_cookie.o
LOAD ..\obj\aes.o
LOAD ..\obj\md2.o
LOAD ..\obj\pkcs12.o
LOAD ..\obj\ftpc.o
LOAD ..\obj\w5100.o
LOAD ..\obj\stm32f10x_usart.o
LOAD ..\obj\pkwrite.o
LOAD ..\obj\OAuth.o
LOAD ..\obj\version_features.o
LOAD ..\obj\ftpd.o
LOAD ..\obj\error.o
LOAD ..\obj\snmp.o
LOAD ..\obj\wizInterface.o
LOAD ..\obj\ssl_ticket.o
LOAD ..\obj\ssl_cli.o
LOAD ..\obj\md4.o
LOAD ..\obj\x509.o
LOAD ..\obj\blowfish.o
LOAD ..\obj\md5.o
LOAD ..\obj\syscalls.o
LOAD ..\obj\asn1parse.o
LOAD ..\obj\cipher_wrap.o
LOAD ..\obj\ripemd160.o
LOAD ..\obj\HMAC_SHA_1.o
LOAD ..\obj\debug.o
LOAD ..\obj\gcm.o
LOAD ..\obj\stm32f10x_sdio.o
LOAD ..\obj\sha1.o
LOAD ..\obj\net.o
LOAD ..\obj\arc4.o
LOAD ..\obj\entropy.o
LOAD ..\obj\sha512.o
LOAD ..\obj\ccm.o
LOAD ..\obj\dns.o
LOAD ..\obj\ssl_cache.o
LOAD ..\obj\misc.o
LOAD ..\obj\W5500HardwareDriver.o
LOAD ..\obj\threading.o
LOAD ..\obj\stm32f10x_spi.o
LOAD ..\obj\dhcp.o
LOAD ..\obj\rsa.o
LOAD ..\obj\aesni.o
LOAD ..\obj\ecp.o
LOAD ..\obj\stm32f10x_i2c.o
LOAD ..\obj\padlock.o
LOAD ..\obj\des.o
START GROUP
LOAD c:/program files/gnu tools arm embedded/4.9 2015q3/bin/../lib/gcc/arm-none-eabi/4.9.3/armv7-m\libgcc.a
LOAD c:/program files/gnu tools arm embedded/4.9 2015q3/bin/../lib/gcc/arm-none-eabi/4.9.3/../../../../arm-none-eabi/lib/armv7-m\libg.a
LOAD c:/program files/gnu tools arm embedded/4.9 2015q3/bin/../lib/gcc/arm-none-eabi/4.9.3/../../../../arm-none-eabi/lib/armv7-m\libc.a
END GROUP
OUTPUT(test.elf elf32-littlearm)

.debug_info     0x00000000    0x2750f
 .debug_info    0x00000000     0x11e5 ..\obj\socket.o
 .debug_info    0x000011e5     0x131d ..\obj\IoTEVB.o
 .debug_info    0x00002502      0xb22 ..\obj\pk.o
 .debug_info    0x00003024      0xf12 ..\obj\pkparse.o
 .debug_info    0x00003f36     0x4a68 ..\obj\ssl_tls.o
 .debug_info    0x0000899e      0xb89 ..\obj\ctr_drbg.o
 .debug_info    0x00009527      0xc56 ..\obj\md.o
 .debug_info    0x0000a17d      0x498 ..\obj\system_stm32f10x.o
 .debug_info    0x0000a615      0x117 ..\obj\startup_stm32f10x_hd.o
 .debug_info    0x0000a72c      0xeb0 ..\obj\cipher.o
 .debug_info    0x0000b5dc      0x887 ..\obj\stm32f10x_gpio.o
 .debug_info    0x0000be63      0x24b ..\obj\base64.o
 .debug_info    0x0000c0ae     0x3385 ..\obj\x509_crt.o
 .debug_info    0x0000f433     0x3170 ..\obj\bignum.o
 .debug_info    0x000125a3     0x135b ..\obj\main.o
 .debug_info    0x000138fe      0x5f8 ..\obj\sha256.o
 .debug_info    0x00013ef6     0x1247 ..\obj\wizchip_conf.o
 .debug_info    0x0001513d     0x13be ..\obj\printf.o
 .debug_info    0x000164fb      0xab7 ..\obj\pk_wrap.o
 .debug_info    0x00016fb2     0x1200 ..\obj\md_wrap.o
 .debug_info    0x000181b2      0x8bf ..\obj\stm32f10x_rcc.o
 .debug_info    0x00018a71      0x8b3 ..\obj\w5500.o
 .debug_info    0x00019324      0xcf8 ..\obj\pem.o
 .debug_info    0x0001a01c      0xcf0 ..\obj\oid.o
 .debug_info    0x0001ad0c      0x512 ..\obj\ssl_ciphersuites.o
 .debug_info    0x0001b21e      0x80b ..\obj\aes.o
 .debug_info    0x0001ba29      0xb40 ..\obj\stm32f10x_usart.o
 .debug_info    0x0001c569     0x193f ..\obj\wizInterface.o
 .debug_info    0x0001dea8     0x221a ..\obj\ssl_cli.o
 .debug_info    0x000200c2     0x1005 ..\obj\x509.o
 .debug_info    0x000210c7      0x5a6 ..\obj\md5.o
 .debug_info    0x0002166d      0x3ed ..\obj\syscalls.o
 .debug_info    0x00021a5a      0x98b ..\obj\asn1parse.o
 .debug_info    0x000223e5      0x8bb ..\obj\cipher_wrap.o
 .debug_info    0x00022ca0      0x5cf ..\obj\sha1.o
 .debug_info    0x0002326f      0x655 ..\obj\sha512.o
 .debug_info    0x000238c4      0x543 ..\obj\misc.o
 .debug_info    0x00023e07      0xab6 ..\obj\W5500HardwareDriver.o
 .debug_info    0x000248bd      0x9e5 ..\obj\stm32f10x_spi.o
 .debug_info    0x000252a2     0x226d ..\obj\rsa.o

.debug_abbrev   0x00000000     0x58d8
 .debug_abbrev  0x00000000      0x1cf ..\obj\socket.o
 .debug_abbrev  0x000001cf      0x2bd ..\obj\IoTEVB.o
 .debug_abbrev  0x0000048c      0x2b2 ..\obj\pk.o
 .debug_abbrev  0x0000073e      0x1ec ..\obj\pkparse.o
 .debug_abbrev  0x0000092a      0x4eb ..\obj\ssl_tls.o
 .debug_abbrev  0x00000e15      0x2aa ..\obj\ctr_drbg.o
 .debug_abbrev  0x000010bf      0x2d9 ..\obj\md.o
 .debug_abbrev  0x00001398      0x152 ..\obj\system_stm32f10x.o
 .debug_abbrev  0x000014ea       0xea ..\obj\startup_stm32f10x_hd.o
 .debug_abbrev  0x000015d4      0x345 ..\obj\cipher.o
 .debug_abbrev  0x00001919      0x1f0 ..\obj\stm32f10x_gpio.o
 .debug_abbrev  0x00001b09       0xbe ..\obj\base64.o
 .debug_abbrev  0x00001bc7      0x353 ..\obj\x509_crt.o
 .debug_abbrev  0x00001f1a      0x2f1 ..\obj\bignum.o
 .debug_abbrev  0x0000220b      0x2d4 ..\obj\main.o
 .debug_abbrev  0x000024df      0x1d3 ..\obj\sha256.o
 .debug_abbrev  0x000026b2      0x2f3 ..\obj\wizchip_conf.o
 .debug_abbrev  0x000029a5      0x32c ..\obj\printf.o
 .debug_abbrev  0x00002cd1      0x1da ..\obj\pk_wrap.o
 .debug_abbrev  0x00002eab      0x1fa ..\obj\md_wrap.o
 .debug_abbrev  0x000030a5      0x1e0 ..\obj\stm32f10x_rcc.o
 .debug_abbrev  0x00003285      0x218 ..\obj\w5500.o
 .debug_abbrev  0x0000349d      0x243 ..\obj\pem.o
 .debug_abbrev  0x000036e0      0x25a ..\obj\oid.o
 .debug_abbrev  0x0000393a      0x14a ..\obj\ssl_ciphersuites.o
 .debug_abbrev  0x00003a84      0x1a4 ..\obj\aes.o
 .debug_abbrev  0x00003c28      0x1cd ..\obj\stm32f10x_usart.o
 .debug_abbrev  0x00003df5      0x314 ..\obj\wizInterface.o
 .debug_abbrev  0x00004109      0x38f ..\obj\ssl_cli.o
 .debug_abbrev  0x00004498      0x210 ..\obj\x509.o
 .debug_abbrev  0x000046a8      0x1c2 ..\obj\md5.o
 .debug_abbrev  0x0000486a       0xf1 ..\obj\syscalls.o
 .debug_abbrev  0x0000495b      0x1fa ..\obj\asn1parse.o
 .debug_abbrev  0x00004b55      0x1db ..\obj\cipher_wrap.o
 .debug_abbrev  0x00004d30      0x1c2 ..\obj\sha1.o
 .debug_abbrev  0x00004ef2      0x1d3 ..\obj\sha512.o
 .debug_abbrev  0x000050c5      0x154 ..\obj\misc.o
 .debug_abbrev  0x00005219      0x207 ..\obj\W5500HardwareDriver.o
 .debug_abbrev  0x00005420      0x1cf ..\obj\stm32f10x_spi.o
 .debug_abbrev  0x000055ef      0x2e9 ..\obj\rsa.o

.debug_loc      0x00000000    0x1e0e7
 .debug_loc     0x00000000     0x12bb ..\obj\socket.o
 .debug_loc     0x000012bb       0xea ..\obj\IoTEVB.o
 .debug_loc     0x000013a5      0xd9a ..\obj\pk.o
 .debug_loc     0x0000213f      0x907 ..\obj\pkparse.o
 .debug_loc     0x00002a46     0x2da8 ..\obj\ssl_tls.o
 .debug_loc     0x000057ee      0x890 ..\obj\ctr_drbg.o
 .debug_loc     0x0000607e      0xaeb ..\obj\md.o
 .debug_loc     0x00006b69       0xe4 ..\obj\system_stm32f10x.o
 .debug_loc     0x00006c4d       0x40 ..\obj\startup_stm32f10x_hd.o
 .debug_loc     0x00006c8d      0xcf9 ..\obj\cipher.o
 .debug_loc     0x00007986      0x53f ..\obj\stm32f10x_gpio.o
 .debug_loc     0x00007ec5      0x55d ..\obj\base64.o
 .debug_loc     0x00008422     0x2ce6 ..\obj\x509_crt.o
 .debug_loc     0x0000b108     0x3fb4 ..\obj\bignum.o
 .debug_loc     0x0000f0bc       0x3f ..\obj\main.o
 .debug_loc     0x0000f0fb      0xf6c ..\obj\sha256.o
 .debug_loc     0x00010067      0xa0e ..\obj\wizchip_conf.o
 .debug_loc     0x00010a75      0x97e ..\obj\printf.o
 .debug_loc     0x000113f3      0x65d ..\obj\pk_wrap.o
 .debug_loc     0x00011a50      0x7e6 ..\obj\md_wrap.o
 .debug_loc     0x00012236      0x6be ..\obj\stm32f10x_rcc.o
 .debug_loc     0x000128f4      0x581 ..\obj\w5500.o
 .debug_loc     0x00012e75      0x763 ..\obj\pem.o
 .debug_loc     0x000135d8      0x975 ..\obj\oid.o
 .debug_loc     0x00013f4d      0x1b1 ..\obj\ssl_ciphersuites.o
 .debug_loc     0x000140fe      0xfef ..\obj\aes.o
 .debug_loc     0x000150ed      0x7af ..\obj\stm32f10x_usart.o
 .debug_loc     0x0001589c      0x562 ..\obj\wizInterface.o
 .debug_loc     0x00015dfe     0x125d ..\obj\ssl_cli.o
 .debug_loc     0x0001705b     0x103c ..\obj\x509.o
 .debug_loc     0x00018097      0x729 ..\obj\md5.o
 .debug_loc     0x000187c0      0x113 ..\obj\syscalls.o
 .debug_loc     0x000188d3      0x813 ..\obj\asn1parse.o
 .debug_loc     0x000190e6      0x215 ..\obj\cipher_wrap.o
 .debug_loc     0x000192fb     0x1fbe ..\obj\sha1.o
 .debug_loc     0x0001b2b9      0x8d8 ..\obj\sha512.o
 .debug_loc     0x0001bb91      0x190 ..\obj\misc.o
 .debug_loc     0x0001bd21       0x72 ..\obj\W5500HardwareDriver.o
 .debug_loc     0x0001bd93      0x678 ..\obj\stm32f10x_spi.o
 .debug_loc     0x0001c40b     0x1cdc ..\obj\rsa.o

.debug_aranges  0x00000000     0x1880
 .debug_aranges
                0x00000000       0x78 ..\obj\socket.o
 .debug_aranges
                0x00000078       0x68 ..\obj\IoTEVB.o
 .debug_aranges
                0x000000e0       0x98 ..\obj\pk.o
 .debug_aranges
                0x00000178       0x50 ..\obj\pkparse.o
 .debug_aranges
                0x000001c8      0x308 ..\obj\ssl_tls.o
 .debug_aranges
                0x000004d0       0x88 ..\obj\ctr_drbg.o
 .debug_aranges
                0x00000558       0xc8 ..\obj\md.o
 .debug_aranges
                0x00000620       0x38 ..\obj\system_stm32f10x.o
 .debug_aranges
                0x00000658       0x28 ..\obj\startup_stm32f10x_hd.o
 .debug_aranges
                0x00000680       0x98 ..\obj\cipher.o
 .debug_aranges
                0x00000718       0xa8 ..\obj\stm32f10x_gpio.o
 .debug_aranges
                0x000007c0       0x28 ..\obj\base64.o
 .debug_aranges
                0x000007e8      0x120 ..\obj\x509_crt.o
 .debug_aranges
                0x00000908      0x190 ..\obj\bignum.o
 .debug_aranges
                0x00000a98       0x20 ..\obj\main.o
 .debug_aranges
                0x00000ab8       0x60 ..\obj\sha256.o
 .debug_aranges
                0x00000b18      0x138 ..\obj\wizchip_conf.o
 .debug_aranges
                0x00000c50       0xa0 ..\obj\printf.o
 .debug_aranges
                0x00000cf0       0x68 ..\obj\pk_wrap.o
 .debug_aranges
                0x00000d58      0x128 ..\obj\md_wrap.o
 .debug_aranges
                0x00000e80      0x118 ..\obj\stm32f10x_rcc.o
 .debug_aranges
                0x00000f98       0x60 ..\obj\w5500.o
 .debug_aranges
                0x00000ff8       0x50 ..\obj\pem.o
 .debug_aranges
                0x00001048       0xb0 ..\obj\oid.o
 .debug_aranges
                0x000010f8       0x48 ..\obj\ssl_ciphersuites.o
 .debug_aranges
                0x00001140       0x68 ..\obj\aes.o
 .debug_aranges
                0x000011a8      0x100 ..\obj\stm32f10x_usart.o
 .debug_aranges
                0x000012a8       0x70 ..\obj\wizInterface.o
 .debug_aranges
                0x00001318       0x78 ..\obj\ssl_cli.o
 .debug_aranges
                0x00001390       0x98 ..\obj\x509.o
 .debug_aranges
                0x00001428       0x60 ..\obj\md5.o
 .debug_aranges
                0x00001488       0x60 ..\obj\syscalls.o
 .debug_aranges
                0x000014e8       0x88 ..\obj\asn1parse.o
 .debug_aranges
                0x00001570       0x48 ..\obj\cipher_wrap.o
 .debug_aranges
                0x000015b8       0x60 ..\obj\sha1.o
 .debug_aranges
                0x00001618       0x60 ..\obj\sha512.o
 .debug_aranges
                0x00001678       0x40 ..\obj\misc.o
 .debug_aranges
                0x000016b8       0x50 ..\obj\W5500HardwareDriver.o
 .debug_aranges
                0x00001708       0xd0 ..\obj\stm32f10x_spi.o
 .debug_aranges
                0x000017d8       0xa8 ..\obj\rsa.o

.debug_ranges   0x00000000     0x1780
 .debug_ranges  0x00000000       0x80 ..\obj\socket.o
 .debug_ranges  0x00000080       0x58 ..\obj\IoTEVB.o
 .debug_ranges  0x000000d8       0x88 ..\obj\pk.o
 .debug_ranges  0x00000160       0x40 ..\obj\pkparse.o
 .debug_ranges  0x000001a0      0x388 ..\obj\ssl_tls.o
 .debug_ranges  0x00000528       0x78 ..\obj\ctr_drbg.o
 .debug_ranges  0x000005a0       0xb8 ..\obj\md.o
 .debug_ranges  0x00000658       0x28 ..\obj\system_stm32f10x.o
 .debug_ranges  0x00000680       0x18 ..\obj\startup_stm32f10x_hd.o
 .debug_ranges  0x00000698       0xb8 ..\obj\cipher.o
 .debug_ranges  0x00000750       0x98 ..\obj\stm32f10x_gpio.o
 .debug_ranges  0x000007e8       0x18 ..\obj\base64.o
 .debug_ranges  0x00000800      0x128 ..\obj\x509_crt.o
 .debug_ranges  0x00000928      0x1c8 ..\obj\bignum.o
 .debug_ranges  0x00000af0       0x10 ..\obj\main.o
 .debug_ranges  0x00000b00       0x50 ..\obj\sha256.o
 .debug_ranges  0x00000b50      0x128 ..\obj\wizchip_conf.o
 .debug_ranges  0x00000c78       0x90 ..\obj\printf.o
 .debug_ranges  0x00000d08       0x58 ..\obj\pk_wrap.o
 .debug_ranges  0x00000d60      0x118 ..\obj\md_wrap.o
 .debug_ranges  0x00000e78      0x108 ..\obj\stm32f10x_rcc.o
 .debug_ranges  0x00000f80       0x50 ..\obj\w5500.o
 .debug_ranges  0x00000fd0       0x40 ..\obj\pem.o
 .debug_ranges  0x00001010       0xa0 ..\obj\oid.o
 .debug_ranges  0x000010b0       0x38 ..\obj\ssl_ciphersuites.o
 .debug_ranges  0x000010e8       0x58 ..\obj\aes.o
 .debug_ranges  0x00001140       0xf0 ..\obj\stm32f10x_usart.o
 .debug_ranges  0x00001230       0x60 ..\obj\wizInterface.o
 .debug_ranges  0x00001290       0x98 ..\obj\ssl_cli.o
 .debug_ranges  0x00001328       0x88 ..\obj\x509.o
 .debug_ranges  0x000013b0       0x50 ..\obj\md5.o
 .debug_ranges  0x00001400       0x50 ..\obj\syscalls.o
 .debug_ranges  0x00001450       0x78 ..\obj\asn1parse.o
 .debug_ranges  0x000014c8       0x38 ..\obj\cipher_wrap.o
 .debug_ranges  0x00001500       0x50 ..\obj\sha1.o
 .debug_ranges  0x00001550       0x50 ..\obj\sha512.o
 .debug_ranges  0x000015a0       0x30 ..\obj\misc.o
 .debug_ranges  0x000015d0       0x40 ..\obj\W5500HardwareDriver.o
 .debug_ranges  0x00001610       0xc0 ..\obj\stm32f10x_spi.o
 .debug_ranges  0x000016d0       0xb0 ..\obj\rsa.o

.debug_line     0x00000000     0xcc88
 .debug_line    0x00000000      0x59c ..\obj\socket.o
 .debug_line    0x0000059c      0x48b ..\obj\IoTEVB.o
 .debug_line    0x00000a27      0x3ce ..\obj\pk.o
 .debug_line    0x00000df5      0x3de ..\obj\pkparse.o
 .debug_line    0x000011d3     0x118d ..\obj\ssl_tls.o
 .debug_line    0x00002360      0x459 ..\obj\ctr_drbg.o
 .debug_line    0x000027b9      0x4d8 ..\obj\md.o
 .debug_line    0x00002c91      0x26e ..\obj\system_stm32f10x.o
 .debug_line    0x00002eff       0xd7 ..\obj\startup_stm32f10x_hd.o
 .debug_line    0x00002fd6      0x54e ..\obj\cipher.o
 .debug_line    0x00003524      0x479 ..\obj\stm32f10x_gpio.o
 .debug_line    0x0000399d      0x2e1 ..\obj\base64.o
 .debug_line    0x00003c7e      0xd10 ..\obj\x509_crt.o
 .debug_line    0x0000498e      0xdb9 ..\obj\bignum.o
 .debug_line    0x00005747      0x48d ..\obj\main.o
 .debug_line    0x00005bd4      0x422 ..\obj\sha256.o
 .debug_line    0x00005ff6      0x626 ..\obj\wizchip_conf.o
 .debug_line    0x0000661c      0x564 ..\obj\printf.o
 .debug_line    0x00006b80      0x38d ..\obj\pk_wrap.o
 .debug_line    0x00006f0d      0x51d ..\obj\md_wrap.o
 .debug_line    0x0000742a      0x54f ..\obj\stm32f10x_rcc.o
 .debug_line    0x00007979      0x2d7 ..\obj\w5500.o
 .debug_line    0x00007c50      0x471 ..\obj\pem.o
 .debug_line    0x000080c1      0x4c1 ..\obj\oid.o
 .debug_line    0x00008582      0x227 ..\obj\ssl_ciphersuites.o
 .debug_line    0x000087a9      0x693 ..\obj\aes.o
 .debug_line    0x00008e3c      0x538 ..\obj\stm32f10x_usart.o
 .debug_line    0x00009374      0x5af ..\obj\wizInterface.o
 .debug_line    0x00009923      0x728 ..\obj\ssl_cli.o
 .debug_line    0x0000a04b      0x505 ..\obj\x509.o
 .debug_line    0x0000a550      0x390 ..\obj\md5.o
 .debug_line    0x0000a8e0      0x19c ..\obj\syscalls.o
 .debug_line    0x0000aa7c      0x472 ..\obj\asn1parse.o
 .debug_line    0x0000aeee      0x325 ..\obj\cipher_wrap.o
 .debug_line    0x0000b213      0x3f4 ..\obj\sha1.o
 .debug_line    0x0000b607      0x3fb ..\obj\sha512.o
 .debug_line    0x0000ba02      0x30a ..\obj\misc.o
 .debug_line    0x0000bd0c      0x441 ..\obj\W5500HardwareDriver.o
 .debug_line    0x0000c14d      0x4c1 ..\obj\stm32f10x_spi.o
 .debug_line    0x0000c60e      0x67a ..\obj\rsa.o

.debug_str      0x00000000     0x83f3
 .debug_str     0x00000000      0x4ad ..\obj\socket.o
                                0x538 (size before relaxing)
 .debug_str     0x000004ad      0xa9f ..\obj\IoTEVB.o
                                0xcab (size before relaxing)
 .debug_str     0x00000f4c      0x4a2 ..\obj\pk.o
                                0x5ff (size before relaxing)
 .debug_str     0x000013ee      0x2cd ..\obj\pkparse.o
                                0x525 (size before relaxing)
 .debug_str     0x000016bb     0x20e9 ..\obj\ssl_tls.o
                               0x264c (size before relaxing)
 .debug_str     0x000037a4      0x2d8 ..\obj\ctr_drbg.o
                                0x497 (size before relaxing)
 .debug_str     0x00003a7c      0x214 ..\obj\md.o
                                0x593 (size before relaxing)
 .debug_str     0x00003c90      0x14e ..\obj\system_stm32f10x.o
                                0x339 (size before relaxing)
 .debug_str     0x00003dde       0xea ..\obj\startup_stm32f10x_hd.o
                                0x199 (size before relaxing)
 .debug_str     0x00003ec8      0x2fe ..\obj\cipher.o
                                0xd62 (size before relaxing)
 .debug_str     0x000041c6      0x29f ..\obj\stm32f10x_gpio.o
                                0x57a (size before relaxing)
 .debug_str     0x00004465       0xc2 ..\obj\base64.o
                                0x202 (size before relaxing)
 .debug_str     0x00004527      0x66c ..\obj\x509_crt.o
                                0xec7 (size before relaxing)
 .debug_str     0x00004b93      0x422 ..\obj\bignum.o
                                0x68f (size before relaxing)
 .debug_str     0x00004fb5      0x1d4 ..\obj\main.o
                                0xccd (size before relaxing)
 .debug_str     0x00005189       0xc8 ..\obj\sha256.o
                                0x2f3 (size before relaxing)
 .debug_str     0x00005251      0x6ba ..\obj\wizchip_conf.o
                                0x913 (size before relaxing)
 .debug_str     0x0000590b      0x4c0 ..\obj\printf.o